Archive member included to satisfy reference by file (symbol)

C:/Program Files/stm/STM32CubeIDE_1.16.0/STM32CubeIDE/plugins/com.st.stm32cube.ide.mcu.externaltools.gnu-tools-for-stm32.12.3.rel1.win32_1.0.200.202406191623/tools/bin/../lib/gcc/arm-none-eabi/12.3.1/../../../../arm-none-eabi/lib/thumb/v7e-m+fp/hard\libc_nano.a(libc_a-exit.o)
                              C:/Program Files/stm/STM32CubeIDE_1.16.0/STM32CubeIDE/plugins/com.st.stm32cube.ide.mcu.externaltools.gnu-tools-for-stm32.12.3.rel1.win32_1.0.200.202406191623/tools/bin/../lib/gcc/arm-none-eabi/12.3.1/../../../../arm-none-eabi/lib/thumb/v7e-m+fp/hard/crt0.o (exit)
C:/Program Files/stm/STM32CubeIDE_1.16.0/STM32CubeIDE/plugins/com.st.stm32cube.ide.mcu.externaltools.gnu-tools-for-stm32.12.3.rel1.win32_1.0.200.202406191623/tools/bin/../lib/gcc/arm-none-eabi/12.3.1/../../../../arm-none-eabi/lib/thumb/v7e-m+fp/hard\libc_nano.a(libc_a-malloc.o)
                              ./Middlewares/ST/STM32_USB_Host_Library/Class/CDC/Src/usbh_cdc.o (malloc)
C:/Program Files/stm/STM32CubeIDE_1.16.0/STM32CubeIDE/plugins/com.st.stm32cube.ide.mcu.externaltools.gnu-tools-for-stm32.12.3.rel1.win32_1.0.200.202406191623/tools/bin/../lib/gcc/arm-none-eabi/12.3.1/../../../../arm-none-eabi/lib/thumb/v7e-m+fp/hard\libc_nano.a(libc_a-mallocr.o)
                              C:/Program Files/stm/STM32CubeIDE_1.16.0/STM32CubeIDE/plugins/com.st.stm32cube.ide.mcu.externaltools.gnu-tools-for-stm32.12.3.rel1.win32_1.0.200.202406191623/tools/bin/../lib/gcc/arm-none-eabi/12.3.1/../../../../arm-none-eabi/lib/thumb/v7e-m+fp/hard\libc_nano.a(libc_a-malloc.o) (_malloc_r)
C:/Program Files/stm/STM32CubeIDE_1.16.0/STM32CubeIDE/plugins/com.st.stm32cube.ide.mcu.externaltools.gnu-tools-for-stm32.12.3.rel1.win32_1.0.200.202406191623/tools/bin/../lib/gcc/arm-none-eabi/12.3.1/../../../../arm-none-eabi/lib/thumb/v7e-m+fp/hard\libc_nano.a(libc_a-mlock.o)
                              C:/Program Files/stm/STM32CubeIDE_1.16.0/STM32CubeIDE/plugins/com.st.stm32cube.ide.mcu.externaltools.gnu-tools-for-stm32.12.3.rel1.win32_1.0.200.202406191623/tools/bin/../lib/gcc/arm-none-eabi/12.3.1/../../../../arm-none-eabi/lib/thumb/v7e-m+fp/hard\libc_nano.a(libc_a-mallocr.o) (__malloc_lock)
C:/Program Files/stm/STM32CubeIDE_1.16.0/STM32CubeIDE/plugins/com.st.stm32cube.ide.mcu.externaltools.gnu-tools-for-stm32.12.3.rel1.win32_1.0.200.202406191623/tools/bin/../lib/gcc/arm-none-eabi/12.3.1/../../../../arm-none-eabi/lib/thumb/v7e-m+fp/hard\libc_nano.a(libc_a-findfp.o)
                              C:/Program Files/stm/STM32CubeIDE_1.16.0/STM32CubeIDE/plugins/com.st.stm32cube.ide.mcu.externaltools.gnu-tools-for-stm32.12.3.rel1.win32_1.0.200.202406191623/tools/bin/../lib/gcc/arm-none-eabi/12.3.1/../../../../arm-none-eabi/lib/thumb/v7e-m+fp/hard\libc_nano.a(libc_a-exit.o) (__stdio_exit_handler)
C:/Program Files/stm/STM32CubeIDE_1.16.0/STM32CubeIDE/plugins/com.st.stm32cube.ide.mcu.externaltools.gnu-tools-for-stm32.12.3.rel1.win32_1.0.200.202406191623/tools/bin/../lib/gcc/arm-none-eabi/12.3.1/../../../../arm-none-eabi/lib/thumb/v7e-m+fp/hard\libc_nano.a(libc_a-fwalk.o)
                              C:/Program Files/stm/STM32CubeIDE_1.16.0/STM32CubeIDE/plugins/com.st.stm32cube.ide.mcu.externaltools.gnu-tools-for-stm32.12.3.rel1.win32_1.0.200.202406191623/tools/bin/../lib/gcc/arm-none-eabi/12.3.1/../../../../arm-none-eabi/lib/thumb/v7e-m+fp/hard\libc_nano.a(libc_a-findfp.o) (_fwalk_sglue)
C:/Program Files/stm/STM32CubeIDE_1.16.0/STM32CubeIDE/plugins/com.st.stm32cube.ide.mcu.externaltools.gnu-tools-for-stm32.12.3.rel1.win32_1.0.200.202406191623/tools/bin/../lib/gcc/arm-none-eabi/12.3.1/../../../../arm-none-eabi/lib/thumb/v7e-m+fp/hard\libc_nano.a(libc_a-stdio.o)
                              C:/Program Files/stm/STM32CubeIDE_1.16.0/STM32CubeIDE/plugins/com.st.stm32cube.ide.mcu.externaltools.gnu-tools-for-stm32.12.3.rel1.win32_1.0.200.202406191623/tools/bin/../lib/gcc/arm-none-eabi/12.3.1/../../../../arm-none-eabi/lib/thumb/v7e-m+fp/hard\libc_nano.a(libc_a-findfp.o) (__sread)
C:/Program Files/stm/STM32CubeIDE_1.16.0/STM32CubeIDE/plugins/com.st.stm32cube.ide.mcu.externaltools.gnu-tools-for-stm32.12.3.rel1.win32_1.0.200.202406191623/tools/bin/../lib/gcc/arm-none-eabi/12.3.1/../../../../arm-none-eabi/lib/thumb/v7e-m+fp/hard\libc_nano.a(libc_a-memset.o)
                              C:/Program Files/stm/STM32CubeIDE_1.16.0/STM32CubeIDE/plugins/com.st.stm32cube.ide.mcu.externaltools.gnu-tools-for-stm32.12.3.rel1.win32_1.0.200.202406191623/tools/bin/../lib/gcc/arm-none-eabi/12.3.1/../../../../arm-none-eabi/lib/thumb/v7e-m+fp/hard/crt0.o (memset)
C:/Program Files/stm/STM32CubeIDE_1.16.0/STM32CubeIDE/plugins/com.st.stm32cube.ide.mcu.externaltools.gnu-tools-for-stm32.12.3.rel1.win32_1.0.200.202406191623/tools/bin/../lib/gcc/arm-none-eabi/12.3.1/../../../../arm-none-eabi/lib/thumb/v7e-m+fp/hard\libc_nano.a(libc_a-closer.o)
[...]
Memory Configuration

Name             Origin             Length             Attributes
CCMRAM           0x10000000         0x00010000         xrw
RAM              0x20000000         0x00020000         xrw
FLASH            0x08000000         0x00100000         xr
*default*        0x00000000         0xffffffff

Linker script and memory map

LOAD C:/Program Files/stm/STM32CubeIDE_1.16.0/STM32CubeIDE/plugins/com.st.stm32cube.ide.mcu.externaltools.gnu-tools-for-stm32.12.3.rel1.win32_1.0.200.202406191623/tools/bin/../lib/gcc/arm-none-eabi/12.3.1/thumb/v7e-m+fp/hard/crti.o
LOAD C:/Program Files/stm/STM32CubeIDE_1.16.0/STM32CubeIDE/plugins/com.st.stm32cube.ide.mcu.externaltools.gnu-tools-for-stm32.12.3.rel1.win32_1.0.200.202406191623/tools/bin/../lib/gcc/arm-none-eabi/12.3.1/thumb/v7e-m+fp/hard/crtbegin.o
LOAD C:/Program Files/stm/STM32CubeIDE_1.16.0/STM32CubeIDE/plugins/com.st.stm32cube.ide.mcu.externaltools.gnu-tools-for-stm32.12.3.rel1.win32_1.0.200.202406191623/tools/bin/../lib/gcc/arm-none-eabi/12.3.1/../../../../arm-none-eabi/lib/thumb/v7e-m+fp/hard/crt0.o
LOAD ./Core/Src/main.o
LOAD ./Core/Src/stm32f4xx_hal_msp.o
LOAD ./Core/Src/stm32f4xx_it.o
LOAD ./Core/Src/syscalls.o
LOAD ./Core/Src/sysmem.o
LOAD ./Core/Src/system_stm32f4xx.o
LOAD ./Core/Startup/startup_stm32f407vgtx.o
LOAD ./Drivers/STM32F4xx_HAL_Driver/Src/stm32f4xx_hal.o
LOAD ./Drivers/STM32F4xx_HAL_Driver/Src/stm32f4xx_hal_adc.o
LOAD ./Drivers/STM32F4xx_HAL_Driver/Src/stm32f4xx_hal_adc_ex.o
LOAD ./Drivers/STM32F4xx_HAL_Driver/Src/stm32f4xx_hal_cortex.o
LOAD ./Drivers/STM32F4xx_HAL_Driver/Src/stm32f4xx_hal_dma.o
LOAD ./Drivers/STM32F4xx_HAL_Driver/Src/stm32f4xx_hal_dma_ex.o
LOAD ./Drivers/STM32F4xx_HAL_Driver/Src/stm32f4xx_hal_exti.o
LOAD ./Drivers/STM32F4xx_HAL_Driver/Src/stm32f4xx_hal_flash.o
LOAD ./Drivers/STM32F4xx_HAL_Driver/Src/stm32f4xx_hal_flash_ex.o
LOAD ./Drivers/STM32F4xx_HAL_Driver/Src/stm32f4xx_hal_flash_ramfunc.o
LOAD ./Drivers/STM32F4xx_HAL_Driver/Src/stm32f4xx_hal_gpio.o
LOAD ./Drivers/STM32F4xx_HAL_Driver/Src/stm32f4xx_hal_hcd.o
LOAD ./Drivers/STM32F4xx_HAL_Driver/Src/stm32f4xx_hal_i2c.o
LOAD ./Drivers/STM32F4xx_HAL_Driver/Src/stm32f4xx_hal_i2c_ex.o
LOAD ./Drivers/STM32F4xx_HAL_Driver/Src/stm32f4xx_hal_i2s.o
LOAD ./Drivers/STM32F4xx_HAL_Driver/Src/stm32f4xx_hal_i2s_ex.o
LOAD ./Drivers/STM32F4xx_HAL_Driver/Src/stm32f4xx_hal_pwr.o
LOAD ./Drivers/STM32F4xx_HAL_Driver/Src/stm32f4xx_hal_pwr_ex.o
LOAD ./Drivers/STM32F4xx_HAL_Driver/Src/stm32f4xx_hal_rcc.o
LOAD ./Drivers/STM32F4xx_HAL_Driver/Src/stm32f4xx_hal_rcc_ex.o
LOAD ./Drivers/STM32F4xx_HAL_Driver/Src/stm32f4xx_hal_spi.o
LOAD ./Drivers/STM32F4xx_HAL_Driver/Src/stm32f4xx_hal_tim.o
LOAD ./Drivers/STM32F4xx_HAL_Driver/Src/stm32f4xx_hal_tim_ex.o
LOAD ./Drivers/STM32F4xx_HAL_Driver/Src/stm32f4xx_ll_adc.o
LOAD ./Drivers/STM32F4xx_HAL_Driver/Src/stm32f4xx_ll_usb.o
LOAD ./Middlewares/ST/STM32_USB_Host_Library/Class/CDC/Src/usbh_cdc.o
LOAD ./Middlewares/ST/STM32_USB_Host_Library/Core/Src/usbh_core.o
LOAD ./Middlewares/ST/STM32_USB_Host_Library/Core/Src/usbh_ctlreq.o
LOAD ./Middlewares/ST/STM32_USB_Host_Library/Core/Src/usbh_ioreq.o
LOAD ./Middlewares/ST/STM32_USB_Host_Library/Core/Src/usbh_pipes.o
LOAD ./USB_HOST/App/usb_host.o
LOAD ./USB_HOST/Target/usbh_conf.o
LOAD ./USB_HOST/Target/usbh_platform.o
START GROUP
LOAD C:/Program Files/stm/STM32CubeIDE_1.16.0/STM32CubeIDE/plugins/com.st.stm32cube.ide.mcu.externaltools.gnu-tools-for-stm32.12.3.rel1.win32_1.0.200.202406191623/tools/bin/../lib/gcc/arm-none-eabi/12.3.1/../../../../arm-none-eabi/lib/thumb/v7e-m+fp/hard\libc_nano.a
LOAD C:/Program Files/stm/STM32CubeIDE_1.16.0/STM32CubeIDE/plugins/com.st.stm32cube.ide.mcu.externaltools.gnu-tools-for-stm32.12.3.rel1.win32_1.0.200.202406191623/tools/bin/../lib/gcc/arm-none-eabi/12.3.1/../../../../arm-none-eabi/lib/thumb/v7e-m+fp/hard\libm.a
END GROUP
START GROUP
LOAD C:/Program Files/stm/STM32CubeIDE_1.16.0/STM32CubeIDE/plugins/com.st.stm32cube.ide.mcu.externaltools.gnu-tools-for-stm32.12.3.rel1.win32_1.0.200.202406191623/tools/bin/../lib/gcc/arm-none-eabi/12.3.1/thumb/v7e-m+fp/hard\libgcc.a
LOAD C:/Program Files/stm/STM32CubeIDE_1.16.0/STM32CubeIDE/plugins/com.st.stm32cube.ide.mcu.externaltools.gnu-tools-for-stm32.12.3.rel1.win32_1.0.200.202406191623/tools/bin/../lib/gcc/arm-none-eabi/12.3.1/../../../../arm-none-eabi/lib/thumb/v7e-m+fp/hard\libc_nano.a
END GROUP
START GROUP
LOAD C:/Program Files/stm/STM32CubeIDE_1.16.0/STM32CubeIDE/plugins/com.st.stm32cube.ide.mcu.externaltools.gnu-tools-for-stm32.12.3.rel1.win32_1.0.200.202406191623/tools/bin/../lib/gcc/arm-none-eabi/12.3.1/thumb/v7e-m+fp/hard\libgcc.a
LOAD C:/Program Files/stm/STM32CubeIDE_1.16.0/STM32CubeIDE/plugins/com.st.stm32cube.ide.mcu.externaltools.gnu-tools-for-stm32.12.3.rel1.win32_1.0.200.202406191623/tools/bin/../lib/gcc/arm-none-eabi/12.3.1/../../../../arm-none-eabi/lib/thumb/v7e-m+fp/hard\libc_nano.a
LOAD C:/Program Files/stm/STM32CubeIDE_1.16.0/STM32CubeIDE/plugins/com.st.stm32cube.ide.mcu.externaltools.gnu-tools-for-stm32.12.3.rel1.win32_1.0.200.202406191623/tools/bin/../lib/gcc/arm-none-eabi/12.3.1/../../../../arm-none-eabi/lib/thumb/v7e-m+fp/hard\libnosys.a
END GROUP
START GROUP
LOAD C:/Program Files/stm/STM32CubeIDE_1.16.0/STM32CubeIDE/plugins/com.st.stm32cube.ide.mcu.externaltools.gnu-tools-for-stm32.12.3.rel1.win32_1.0.200.202406191623/tools/bin/../lib/gcc/arm-none-eabi/12.3.1/thumb/v7e-m+fp/hard\libgcc.a
LOAD C:/Program Files/stm/STM32CubeIDE_1.16.0/STM32CubeIDE/plugins/com.st.stm32cube.ide.mcu.externaltools.gnu-tools-for-stm32.12.3.rel1.win32_1.0.200.202406191623/tools/bin/../lib/gcc/arm-none-eabi/12.3.1/../../../../arm-none-eabi/lib/thumb/v7e-m+fp/hard\libc_nano.a
LOAD C:/Program Files/stm/STM32CubeIDE_1.16.0/STM32CubeIDE/plugins/com.st.stm32cube.ide.mcu.externaltools.gnu-tools-for-stm32.12.3.rel1.win32_1.0.200.202406191623/tools/bin/../lib/gcc/arm-none-eabi/12.3.1/../../../../arm-none-eabi/lib/thumb/v7e-m+fp/hard\libnosys.a
END GROUP
LOAD C:/Program Files/stm/STM32CubeIDE_1.16.0/STM32CubeIDE/plugins/com.st.stm32cube.ide.mcu.externaltools.gnu-tools-for-stm32.12.3.rel1.win32_1.0.200.202406191623/tools/bin/../lib/gcc/arm-none-eabi/12.3.1/thumb/v7e-m+fp/hard/crtend.o
LOAD C:/Program Files/stm/STM32CubeIDE_1.16.0/STM32CubeIDE/plugins/com.st.stm32cube.ide.mcu.externaltools.gnu-tools-for-stm32.12.3.rel1.win32_1.0.200.202406191623/tools/bin/../lib/gcc/arm-none-eabi/12.3.1/thumb/v7e-m+fp/hard/crtn.o
                0x20020000                        _estack = (ORIGIN (RAM) + LENGTH (RAM))
                0x00000200                        _Min_Heap_Size = 0x200
                0x00000400                        _Min_Stack_Size = 0x400

.isr_vector     0x08000000      0x188
                0x08000000                        . = ALIGN (0x4)
 *(.isr_vector)
 .isr_vector    0x08000000      0x188 ./Core/Startup/startup_stm32f407vgtx.o
                0x08000000                g_pfnVectors
                0x08000188                        . = ALIGN (0x4)

.text           0x08000188     0x9280
                0x08000188                        . = ALIGN (0x4)
 *(.text)
 .text          0x08000188       0x40 C:/Program Files/stm/STM32CubeIDE_1.16.0/STM32CubeIDE/plugins/com.st.stm32cube.ide.mcu.externaltools.gnu-tools-for-stm32.12.3.rel1.win32_1.0.200.202406191623/tools/bin/../lib/gcc/arm-none-eabi/12.3.1/thumb/v7e-m+fp/hard/crtbegin.o
 .text          0x080001c8       0x30 C:/Program Files/stm/STM32CubeIDE_1.16.0/STM32CubeIDE/plugins/com.st.stm32cube.ide.mcu.externaltools.gnu-tools-for-stm32.12.3.rel1.win32_1.0.200.202406191623/tools/bin/../lib/gcc/arm-none-eabi/12.3.1/thumb/v7e-m+fp/hard\libgcc.a(_aeabi_uldivmod.o)
                0x080001c8                __aeabi_uldivmod
 .text          0x080001f8      0x2bc C:/Program Files/stm/STM32CubeIDE_1.16.0/STM32CubeIDE/plugins/com.st.stm32cube.ide.mcu.externaltools.gnu-tools-for-stm32.12.3.rel1.win32_1.0.200.202406191623/tools/bin/../lib/gcc/arm-none-eabi/12.3.1/thumb/v7e-m+fp/hard\libgcc.a(_udivmoddi4.o)
                0x080001f8                __udivmoddi4
 .text          0x080004b4        0x4 C:/Program Files/stm/STM32CubeIDE_1.16.0/STM32CubeIDE/plugins/com.st.stm32cube.ide.mcu.externaltools.gnu-tools-for-stm32.12.3.rel1.win32_1.0.200.202406191623/tools/bin/../lib/gcc/arm-none-eabi/12.3.1/thumb/v7e-m+fp/hard\libgcc.a(_dvmd_tls.o)
                0x080004b4                __aeabi_idiv0
                0x080004b4                __aeabi_ldiv0
 *(.text*)
 .text.main     0x080004b8       0x64 ./Core/Src/main.o
                0x080004b8                main
 .text.SystemClock_Config
                0x0800051c       0xd4 ./Core/Src/main.o
                0x0800051c                SystemClock_Config
 .text.MX_ADC2_Init
                0x080005f0       0xa4 ./Core/Src/main.o
 .text.MX_I2C1_Init
                0x08000694       0x5c ./Core/Src/main.o
 .text.MX_I2S3_Init
                0x080006f0       0x60 ./Core/Src/main.o
 .text.MX_SPI1_Init
                0x08000750       0x6c ./Core/Src/main.o
 .text.MX_GPIO_Init
                0x080007bc      0x1fc ./Core/Src/main.o
 .text.Error_Handler
                0x080009b8        0xc ./Core/Src/main.o
                0x080009b8                Error_Handler
 .text.HAL_MspInit
                0x080009c4       0x50 ./Core/Src/stm32f4xx_hal_msp.o
                0x080009c4                HAL_MspInit
 .text.HAL_ADC_MspInit
                0x08000a14       0x88 ./Core/Src/stm32f4xx_hal_msp.o
                0x08000a14                HAL_ADC_MspInit
 .text.HAL_I2C_MspInit
                0x08000a9c       0x90 ./Core/Src/stm32f4xx_hal_msp.o
                0x08000a9c                HAL_I2C_MspInit
 .text.HAL_I2S_MspInit
                0x08000b2c      0x100 ./Core/Src/stm32f4xx_hal_msp.o
                0x08000b2c                HAL_I2S_MspInit
 .text.HAL_SPI_MspInit
                0x08000c2c       0x90 ./Core/Src/stm32f4xx_hal_msp.o
                0x08000c2c                HAL_SPI_MspInit
 .text.NMI_Handler
                0x08000cbc        0x8 ./Core/Src/stm32f4xx_it.o
                0x08000cbc                NMI_Handler
 .text.HardFault_Handler
                0x08000cc4        0x8 ./Core/Src/stm32f4xx_it.o
                0x08000cc4                HardFault_Handler
 .text.MemManage_Handler
                0x08000ccc        0x8 ./Core/Src/stm32f4xx_it.o
                0x08000ccc                MemManage_Handler
 .text.BusFault_Handler
                0x08000cd4        0x8 ./Core/Src/stm32f4xx_it.o
                0x08000cd4                BusFault_Handler
 .text.UsageFault_Handler
                0x08000cdc        0x8 ./Core/Src/stm32f4xx_it.o
                0x08000cdc                UsageFault_Handler
 .text.SVC_Handler
                0x08000ce4        0xe ./Core/Src/stm32f4xx_it.o
                0x08000ce4                SVC_Handler
 .text.DebugMon_Handler
                0x08000cf2        0xe ./Core/Src/stm32f4xx_it.o
                0x08000cf2                DebugMon_Handler
 .text.PendSV_Handler
                0x08000d00        0xe ./Core/Src/stm32f4xx_it.o
                0x08000d00                PendSV_Handler
 .text.SysTick_Handler
                0x08000d0e        0xc ./Core/Src/stm32f4xx_it.o
                0x08000d0e                SysTick_Handler
 *fill*         0x08000d1a        0x2 
 .text.OTG_FS_IRQHandler
                0x08000d1c       0x14 ./Core/Src/stm32f4xx_it.o
                0x08000d1c                OTG_FS_IRQHandler
 .text._sbrk    0x08000d30       0x6c ./Core/Src/sysmem.o
                0x08000d30                _sbrk
 .text.SystemInit
                0x08000d9c       0x24 ./Core/Src/system_stm32f4xx.o
                0x08000d9c                SystemInit
 .text.Reset_Handler
                0x08000dc0       0x50 ./Core/Startup/startup_stm32f407vgtx.o
                0x08000dc0                Reset_Handler
 .text.Default_Handler
                0x08000e10        0x2 ./Core/Startup/startup_stm32f407vgtx.o
                0x08000e10                RTC_Alarm_IRQHandler
                0x08000e10                HASH_RNG_IRQHandler
                0x08000e10                EXTI2_IRQHandler
                0x08000e10                TIM8_CC_IRQHandler
                0x08000e10                TIM1_CC_IRQHandler
                0x08000e10                DMA2_Stream5_IRQHandler
                0x08000e10                DMA1_Stream5_IRQHandler
                0x08000e10                PVD_IRQHandler
                0x08000e10                SDIO_IRQHandler
                0x08000e10                TAMP_STAMP_IRQHandler
                0x08000e10                CAN2_RX1_IRQHandler
                0x08000e10                EXTI3_IRQHandler
                0x08000e10                TIM8_TRG_COM_TIM14_IRQHandler
                0x08000e10                TIM1_UP_TIM10_IRQHandler
                0x08000e10                TIM8_UP_TIM13_IRQHandler
                0x08000e10                I2C3_ER_IRQHandler
                0x08000e10                EXTI0_IRQHandler
                0x08000e10                I2C2_EV_IRQHandler
                0x08000e10                DMA1_Stream2_IRQHandler
                0x08000e10                CAN1_RX0_IRQHandler
                0x08000e10                FPU_IRQHandler
                0x08000e10                OTG_HS_WKUP_IRQHandler
                0x08000e10                CAN2_SCE_IRQHandler
                0x08000e10                DMA2_Stream2_IRQHandler
                0x08000e10                SPI1_IRQHandler
                0x08000e10                TIM6_DAC_IRQHandler
                0x08000e10                TIM1_BRK_TIM9_IRQHandler
                0x08000e10                DCMI_IRQHandler
                0x08000e10                CAN2_RX0_IRQHandler
                0x08000e10                DMA2_Stream3_IRQHandler
                0x08000e10                USART6_IRQHandler
                0x08000e10                USART3_IRQHandler
                0x08000e10                CAN1_RX1_IRQHandler
                0x08000e10                UART5_IRQHandler
                0x08000e10                DMA2_Stream0_IRQHandler
                0x08000e10                TIM4_IRQHandler
                0x08000e10                I2C1_EV_IRQHandler
                0x08000e10                DMA1_Stream6_IRQHandler
                0x08000e10                DMA1_Stream1_IRQHandler
                0x08000e10                UART4_IRQHandler
                0x08000e10                TIM3_IRQHandler
                0x08000e10                RCC_IRQHandler
                0x08000e10                TIM8_BRK_TIM12_IRQHandler
                0x08000e10                Default_Handler
                0x08000e10                EXTI15_10_IRQHandler
                0x08000e10                ADC_IRQHandler
                0x08000e10                DMA1_Stream7_IRQHandler
                0x08000e10                TIM7_IRQHandler
                0x08000e10                CAN2_TX_IRQHandler
                0x08000e10                TIM5_IRQHandler
                0x08000e10                DMA2_Stream7_IRQHandler
                0x08000e10                I2C3_EV_IRQHandler
                0x08000e10                EXTI9_5_IRQHandler
                0x08000e10                RTC_WKUP_IRQHandler
                0x08000e10                ETH_WKUP_IRQHandler
                0x08000e10                SPI2_IRQHandler
                0x08000e10                OTG_HS_EP1_IN_IRQHandler
                0x08000e10                DMA1_Stream0_IRQHandler
                0x08000e10                CAN1_TX_IRQHandler
                0x08000e10                EXTI4_IRQHandler
                0x08000e10                FSMC_IRQHandler
                0x08000e10                ETH_IRQHandler
                0x08000e10                OTG_HS_EP1_OUT_IRQHandler
                0x08000e10                WWDG_IRQHandler
                0x08000e10                TIM2_IRQHandler
                0x08000e10                OTG_FS_WKUP_IRQHandler
                0x08000e10                TIM1_TRG_COM_TIM11_IRQHandler
                0x08000e10                OTG_HS_IRQHandler
                0x08000e10                EXTI1_IRQHandler
                0x08000e10                USART2_IRQHandler
                0x08000e10                I2C2_ER_IRQHandler
                0x08000e10                DMA2_Stream1_IRQHandler
                0x08000e10                CAN1_SCE_IRQHandler
                0x08000e10                FLASH_IRQHandler
                0x08000e10                DMA2_Stream4_IRQHandler
                0x08000e10                USART1_IRQHandler
                0x08000e10                SPI3_IRQHandler
                0x08000e10                DMA1_Stream4_IRQHandler
                0x08000e10                I2C1_ER_IRQHandler
                0x08000e10                DMA2_Stream6_IRQHandler
                0x08000e10                DMA1_Stream3_IRQHandler
 *fill*         0x08000e12        0x2 
 .text.HAL_Init
                0x08000e14       0x44 ./Drivers/STM32F4xx_HAL_Driver/Src/stm32f4xx_hal.o
                0x08000e14                HAL_Init
 .text.HAL_InitTick
                0x08000e58       0x60 ./Drivers/STM32F4xx_HAL_Driver/Src/stm32f4xx_hal.o
                0x08000e58                HAL_InitTick
 .text.HAL_IncTick
                0x08000eb8       0x28 ./Drivers/STM32F4xx_HAL_Driver/Src/stm32f4xx_hal.o
                0x08000eb8                HAL_IncTick
 .text.HAL_GetTick
                0x08000ee0       0x18 ./Drivers/STM32F4xx_HAL_Driver/Src/stm32f4xx_hal.o
                0x08000ee0                HAL_GetTick
 .text.HAL_Delay
                0x08000ef8       0x48 ./Drivers/STM32F4xx_HAL_Driver/Src/stm32f4xx_hal.o
                0x08000ef8                HAL_Delay
 .text.HAL_ADC_Init
                0x08000f40       0x86 ./Drivers/STM32F4xx_HAL_Driver/Src/stm32f4xx_hal_adc.o
                0x08000f40                HAL_ADC_Init
 *fill*         0x08000fc6        0x2 
 .text.HAL_ADC_Start
                0x08000fc8      0x1a4 ./Drivers/STM32F4xx_HAL_Driver/Src/stm32f4xx_hal_adc.o
                0x08000fc8                HAL_ADC_Start
 .text.HAL_ADC_Stop
                0x0800116c       0x66 ./Drivers/STM32F4xx_HAL_Driver/Src/stm32f4xx_hal_adc.o
                0x0800116c                HAL_ADC_Stop
 .text.HAL_ADC_PollForConversion
                0x080011d2      0x116 ./Drivers/STM32F4xx_HAL_Driver/Src/stm32f4xx_hal_adc.o
                0x080011d2                HAL_ADC_PollForConversion
 .text.HAL_ADC_GetValue
                0x080012e8       0x1a ./Drivers/STM32F4xx_HAL_Driver/Src/stm32f4xx_hal_adc.o
                0x080012e8                HAL_ADC_GetValue
 *fill*         0x08001302        0x2 
 .text.HAL_ADC_ConfigChannel
                0x08001304      0x244 ./Drivers/STM32F4xx_HAL_Driver/Src/stm32f4xx_hal_adc.o
                0x08001304                HAL_ADC_ConfigChannel
 .text.ADC_Init
                0x08001548      0x1f8 ./Drivers/STM32F4xx_HAL_Driver/Src/stm32f4xx_hal_adc.o
 .text.__NVIC_SetPriorityGrouping
                0x08001740       0x48 ./Drivers/STM32F4xx_HAL_Driver/Src/stm32f4xx_hal_cortex.o
 .text.__NVIC_GetPriorityGrouping
                0x08001788       0x1c ./Drivers/STM32F4xx_HAL_Driver/Src/stm32f4xx_hal_cortex.o
 .text.__NVIC_EnableIRQ
                0x080017a4       0x3c ./Drivers/STM32F4xx_HAL_Driver/Src/stm32f4xx_hal_cortex.o
 .text.__NVIC_SetPriority
                0x080017e0       0x54 ./Drivers/STM32F4xx_HAL_Driver/Src/stm32f4xx_hal_cortex.o
 .text.NVIC_EncodePriority
                0x08001834       0x66 ./Drivers/STM32F4xx_HAL_Driver/Src/stm32f4xx_hal_cortex.o
 *fill*         0x0800189a        0x2 
 .text.SysTick_Config
                0x0800189c       0x44 ./Drivers/STM32F4xx_HAL_Driver/Src/stm32f4xx_hal_cortex.o
 .text.HAL_NVIC_SetPriorityGrouping
                0x080018e0       0x16 ./Drivers/STM32F4xx_HAL_Driver/Src/stm32f4xx_hal_cortex.o
                0x080018e0                HAL_NVIC_SetPriorityGrouping
 .text.HAL_NVIC_SetPriority
                0x080018f6       0x38 ./Drivers/STM32F4xx_HAL_Driver/Src/stm32f4xx_hal_cortex.o
                0x080018f6                HAL_NVIC_SetPriority
 .text.HAL_NVIC_EnableIRQ
                0x0800192e       0x1c ./Drivers/STM32F4xx_HAL_Driver/Src/stm32f4xx_hal_cortex.o
                0x0800192e                HAL_NVIC_EnableIRQ
 .text.HAL_SYSTICK_Config
                0x0800194a       0x18 ./Drivers/STM32F4xx_HAL_Driver/Src/stm32f4xx_hal_cortex.o
                0x0800194a                HAL_SYSTICK_Config
 *fill*         0x08001962        0x2 
 .text.HAL_GPIO_Init
                0x08001964      0x338 ./Drivers/STM32F4xx_HAL_Driver/Src/stm32f4xx_hal_gpio.o
                0x08001964                HAL_GPIO_Init
 .text.HAL_GPIO_WritePin
                0x08001c9c       0x32 ./Drivers/STM32F4xx_HAL_Driver/Src/stm32f4xx_hal_gpio.o
                0x08001c9c                HAL_GPIO_WritePin
 .text.HAL_HCD_Init
                0x08001cce       0xce ./Drivers/STM32F4xx_HAL_Driver/Src/stm32f4xx_hal_hcd.o
                0x08001cce                HAL_HCD_Init
 .text.HAL_HCD_HC_Init
                0x08001d9c      0x170 ./Drivers/STM32F4xx_HAL_Driver/Src/stm32f4xx_hal_hcd.o
                0x08001d9c                HAL_HCD_HC_Init
 .text.HAL_HCD_HC_Halt
                0x08001f0c       0x46 ./Drivers/STM32F4xx_HAL_Driver/Src/stm32f4xx_hal_hcd.o
                0x08001f0c                HAL_HCD_HC_Halt
 *fill*         0x08001f52        0x2 
 .text.HAL_HCD_HC_SubmitRequest
                0x08001f54      0x33c ./Drivers/STM32F4xx_HAL_Driver/Src/stm32f4xx_hal_hcd.o
                0x08001f54                HAL_HCD_HC_SubmitRequest
 .text.HAL_HCD_IRQHandler
                0x08002290      0x220 ./Drivers/STM32F4xx_HAL_Driver/Src/stm32f4xx_hal_hcd.o
                0x08002290                HAL_HCD_IRQHandler
 .text.HAL_HCD_Start
                0x080024b0       0x46 ./Drivers/STM32F4xx_HAL_Driver/Src/stm32f4xx_hal_hcd.o
                0x080024b0                HAL_HCD_Start
 .text.HAL_HCD_Stop
                0x080024f6       0x3a ./Drivers/STM32F4xx_HAL_Driver/Src/stm32f4xx_hal_hcd.o
                0x080024f6                HAL_HCD_Stop
 .text.HAL_HCD_ResetPort
                0x08002530       0x1c ./Drivers/STM32F4xx_HAL_Driver/Src/stm32f4xx_hal_hcd.o
                0x08002530                HAL_HCD_ResetPort
 .text.HAL_HCD_HC_GetURBState
                0x0800254c       0x2a ./Drivers/STM32F4xx_HAL_Driver/Src/stm32f4xx_hal_hcd.o
                0x0800254c                HAL_HCD_HC_GetURBState
 .text.HAL_HCD_HC_GetXferCount
                0x08002576       0x2a ./Drivers/STM32F4xx_HAL_Driver/Src/stm32f4xx_hal_hcd.o
                0x08002576                HAL_HCD_HC_GetXferCount
 .text.HAL_HCD_GetCurrentFrame
                0x080025a0       0x1c ./Drivers/STM32F4xx_HAL_Driver/Src/stm32f4xx_hal_hcd.o
                0x080025a0                HAL_HCD_GetCurrentFrame
 .text.HAL_HCD_GetCurrentSpeed
                0x080025bc       0x1c ./Drivers/STM32F4xx_HAL_Driver/Src/stm32f4xx_hal_hcd.o
                0x080025bc                HAL_HCD_GetCurrentSpeed
 .text.HAL_HCD_HC_ClearHubInfo
                0x080025d8       0x6a ./Drivers/STM32F4xx_HAL_Driver/Src/stm32f4xx_hal_hcd.o
                0x080025d8                HAL_HCD_HC_ClearHubInfo
 .text.HCD_HC_IN_IRQHandler
                0x08002642      0xcd2 ./Drivers/STM32F4xx_HAL_Driver/Src/stm32f4xx_hal_hcd.o
 .text.HCD_HC_OUT_IRQHandler
                0x08003314      0x94a ./Drivers/STM32F4xx_HAL_Driver/Src/stm32f4xx_hal_hcd.o
 .text.HCD_RXQLVL_IRQHandler
                0x08003c5e      0x1be ./Drivers/STM32F4xx_HAL_Driver/Src/stm32f4xx_hal_hcd.o
 .text.HCD_Port_IRQHandler
                0x08003e1c       0xe6 ./Drivers/STM32F4xx_HAL_Driver/Src/stm32f4xx_hal_hcd.o
 *fill*         0x08003f02        0x2 
 .text.HAL_I2C_Init
                0x08003f04      0x288 ./Drivers/STM32F4xx_HAL_Driver/Src/stm32f4xx_hal_i2c.o
                0x08003f04                HAL_I2C_Init
 .text.HAL_I2S_Init
                0x0800418c      0x280 ./Drivers/STM32F4xx_HAL_Driver/Src/stm32f4xx_hal_i2s.o
                0x0800418c                HAL_I2S_Init
 .text.HAL_I2S_TxCpltCallback
                0x0800440c       0x14 ./Drivers/STM32F4xx_HAL_Driver/Src/stm32f4xx_hal_i2s.o
                0x0800440c                HAL_I2S_TxCpltCallback
 .text.HAL_I2S_RxCpltCallback
                0x08004420       0x14 ./Drivers/STM32F4xx_HAL_Driver/Src/stm32f4xx_hal_i2s.o
                0x08004420                HAL_I2S_RxCpltCallback
 .text.HAL_I2S_ErrorCallback
                0x08004434       0x14 ./Drivers/STM32F4xx_HAL_Driver/Src/stm32f4xx_hal_i2s.o
                0x08004434                HAL_I2S_ErrorCallback
 .text.I2S_Transmit_IT
                0x08004448       0x5c ./Drivers/STM32F4xx_HAL_Driver/Src/stm32f4xx_hal_i2s.o
 .text.I2S_Receive_IT
                0x080044a4       0x5e ./Drivers/STM32F4xx_HAL_Driver/Src/stm32f4xx_hal_i2s.o
 .text.I2S_IRQHandler
                0x08004502      0x114 ./Drivers/STM32F4xx_HAL_Driver/Src/stm32f4xx_hal_i2s.o
 *fill*         0x08004616        0x2 
 .text.HAL_I2SEx_FullDuplex_IRQHandler
                0x08004618      0x2a8 ./Drivers/STM32F4xx_HAL_Driver/Src/stm32f4xx_hal_i2s_ex.o
                0x08004618                HAL_I2SEx_FullDuplex_IRQHandler
 .text.HAL_I2SEx_TxRxCpltCallback
                0x080048c0       0x14 ./Drivers/STM32F4xx_HAL_Driver/Src/stm32f4xx_hal_i2s_ex.o
                0x080048c0                HAL_I2SEx_TxRxCpltCallback
 .text.I2SEx_TxISR_I2S
                0x080048d4       0x62 ./Drivers/STM32F4xx_HAL_Driver/Src/stm32f4xx_hal_i2s_ex.o
 *fill*         0x08004936        0x2 
 .text.I2SEx_TxISR_I2SExt
                0x08004938       0x98 ./Drivers/STM32F4xx_HAL_Driver/Src/stm32f4xx_hal_i2s_ex.o
 .text.I2SEx_RxISR_I2S
                0x080049d0       0x64 ./Drivers/STM32F4xx_HAL_Driver/Src/stm32f4xx_hal_i2s_ex.o
 .text.I2SEx_RxISR_I2SExt
                0x08004a34       0x98 ./Drivers/STM32F4xx_HAL_Driver/Src/stm32f4xx_hal_i2s_ex.o
 .text.HAL_RCC_OscConfig
                0x08004acc      0x4f0 ./Drivers/STM32F4xx_HAL_Driver/Src/stm32f4xx_hal_rcc.o
                0x08004acc                HAL_RCC_OscConfig
 .text.HAL_RCC_ClockConfig
                0x08004fbc      0x1cc ./Drivers/STM32F4xx_HAL_Driver/Src/stm32f4xx_hal_rcc.o
                0x08004fbc                HAL_RCC_ClockConfig
 .text.HAL_RCC_GetSysClockFreq
                0x08005188      0x20c ./Drivers/STM32F4xx_HAL_Driver/Src/stm32f4xx_hal_rcc.o
                0x08005188                HAL_RCC_GetSysClockFreq
 .text.HAL_RCC_GetHCLKFreq
                0x08005394       0x18 ./Drivers/STM32F4xx_HAL_Driver/Src/stm32f4xx_hal_rcc.o
                0x08005394                HAL_RCC_GetHCLKFreq
 .text.HAL_RCC_GetPCLK1Freq
                0x080053ac       0x28 ./Drivers/STM32F4xx_HAL_Driver/Src/stm32f4xx_hal_rcc.o
                0x080053ac                HAL_RCC_GetPCLK1Freq
 .text.HAL_RCCEx_PeriphCLKConfig
                0x080053d4      0x1c4 ./Drivers/STM32F4xx_HAL_Driver/Src/stm32f4xx_hal_rcc_ex.o
                0x080053d4                HAL_RCCEx_PeriphCLKConfig
 .text.HAL_RCCEx_GetPeriphCLKFreq
                0x08005598       0xc0 ./Drivers/STM32F4xx_HAL_Driver/Src/stm32f4xx_hal_rcc_ex.o
                0x08005598                HAL_RCCEx_GetPeriphCLKFreq
 .text.HAL_SPI_Init
                0x08005658      0x112 ./Drivers/STM32F4xx_HAL_Driver/Src/stm32f4xx_hal_spi.o
                0x08005658                HAL_SPI_Init
 .text.USB_CoreInit
                0x0800576a       0xc8 ./Drivers/STM32F4xx_HAL_Driver/Src/stm32f4xx_ll_usb.o
                0x0800576a                USB_CoreInit
 .text.USB_EnableGlobalInt
                0x08005832       0x22 ./Drivers/STM32F4xx_HAL_Driver/Src/stm32f4xx_ll_usb.o
                0x08005832                USB_EnableGlobalInt
 .text.USB_DisableGlobalInt
                0x08005854       0x22 ./Drivers/STM32F4xx_HAL_Driver/Src/stm32f4xx_ll_usb.o
                0x08005854                USB_DisableGlobalInt
 .text.USB_SetCurrentMode
                0x08005876       0x98 ./Drivers/STM32F4xx_HAL_Driver/Src/stm32f4xx_ll_usb.o
                0x08005876                USB_SetCurrentMode
 .text.USB_FlushTxFifo
                0x0800590e       0x64 ./Drivers/STM32F4xx_HAL_Driver/Src/stm32f4xx_ll_usb.o
                0x0800590e                USB_FlushTxFifo
 .text.USB_FlushRxFifo
                0x08005972       0x5c ./Drivers/STM32F4xx_HAL_Driver/Src/stm32f4xx_ll_usb.o
                0x08005972                USB_FlushRxFifo
 .text.USB_WritePacket
                0x080059ce       0x7c ./Drivers/STM32F4xx_HAL_Driver/Src/stm32f4xx_ll_usb.o
                0x080059ce                USB_WritePacket
 .text.USB_ReadPacket
                0x08005a4a       0xb0 ./Drivers/STM32F4xx_HAL_Driver/Src/stm32f4xx_ll_usb.o
                0x08005a4a                USB_ReadPacket
 .text.USB_ReadInterrupts
                0x08005afa       0x26 ./Drivers/STM32F4xx_HAL_Driver/Src/stm32f4xx_ll_usb.o
                0x08005afa                USB_ReadInterrupts
 .text.USB_ReadChInterrupts
                0x08005b20       0x42 ./Drivers/STM32F4xx_HAL_Driver/Src/stm32f4xx_ll_usb.o
                0x08005b20                USB_ReadChInterrupts
 .text.USB_GetMode
                0x08005b62       0x1c ./Drivers/STM32F4xx_HAL_Driver/Src/stm32f4xx_ll_usb.o
                0x08005b62                USB_GetMode
 .text.USB_CoreReset
                0x08005b7e       0x62 ./Drivers/STM32F4xx_HAL_Driver/Src/stm32f4xx_ll_usb.o
 .text.USB_HostInit
                0x08005be0      0x188 ./Drivers/STM32F4xx_HAL_Driver/Src/stm32f4xx_ll_usb.o
                0x08005be0                USB_HostInit
 .text.USB_InitFSLSPClkSel
                0x08005d68       0x7a ./Drivers/STM32F4xx_HAL_Driver/Src/stm32f4xx_ll_usb.o
                0x08005d68                USB_InitFSLSPClkSel
 .text.USB_ResetPort
                0x08005de2       0x54 ./Drivers/STM32F4xx_HAL_Driver/Src/stm32f4xx_ll_usb.o
                0x08005de2                USB_ResetPort
 .text.USB_DriveVbus
                0x08005e36       0x72 ./Drivers/STM32F4xx_HAL_Driver/Src/stm32f4xx_ll_usb.o
                0x08005e36                USB_DriveVbus
 .text.USB_GetHostSpeed
                0x08005ea8       0x2e ./Drivers/STM32F4xx_HAL_Driver/Src/stm32f4xx_ll_usb.o
                0x08005ea8                USB_GetHostSpeed
 .text.USB_GetCurrentFrame
                0x08005ed6       0x22 ./Drivers/STM32F4xx_HAL_Driver/Src/stm32f4xx_ll_usb.o
                0x08005ed6                USB_GetCurrentFrame
 .text.USB_HC_Init
                0x08005ef8      0x258 ./Drivers/STM32F4xx_HAL_Driver/Src/stm32f4xx_ll_usb.o
                0x08005ef8                USB_HC_Init
 .text.USB_HC_StartXfer
                0x08006150      0x4f4 ./Drivers/STM32F4xx_HAL_Driver/Src/stm32f4xx_ll_usb.o
                0x08006150                USB_HC_StartXfer
 .text.USB_HC_ReadInterrupt
                0x08006644       0x22 ./Drivers/STM32F4xx_HAL_Driver/Src/stm32f4xx_ll_usb.o
                0x08006644                USB_HC_ReadInterrupt
 .text.USB_HC_Halt
                0x08006666      0x240 ./Drivers/STM32F4xx_HAL_Driver/Src/stm32f4xx_ll_usb.o
                0x08006666                USB_HC_Halt
 *fill*         0x080068a6        0x2 
 .text.USB_DoPing
                0x080068a8       0x78 ./Drivers/STM32F4xx_HAL_Driver/Src/stm32f4xx_ll_usb.o
                0x080068a8                USB_DoPing
 .text.USB_StopHost
                0x08006920      0x124 ./Drivers/STM32F4xx_HAL_Driver/Src/stm32f4xx_ll_usb.o
                0x08006920                USB_StopHost
 .text.USBH_CDC_InterfaceInit
                0x08006a44      0x2ac ./Middlewares/ST/STM32_USB_Host_Library/Class/CDC/Src/usbh_cdc.o
 .text.USBH_CDC_InterfaceDeInit
                0x08006cf0       0xb2 ./Middlewares/ST/STM32_USB_Host_Library/Class/CDC/Src/usbh_cdc.o
 .text.USBH_CDC_ClassRequest
                0x08006da2       0x3e ./Middlewares/ST/STM32_USB_Host_Library/Class/CDC/Src/usbh_cdc.o
 .text.USBH_CDC_Process
                0x08006de0      0x12c ./Middlewares/ST/STM32_USB_Host_Library/Class/CDC/Src/usbh_cdc.o
 .text.USBH_CDC_SOFProcess
                0x08006f0c       0x16 ./Middlewares/ST/STM32_USB_Host_Library/Class/CDC/Src/usbh_cdc.o
 .text.GetLineCoding
                0x08006f22       0x3e ./Middlewares/ST/STM32_USB_Host_Library/Class/CDC/Src/usbh_cdc.o
 .text.SetLineCoding
                0x08006f60       0x3e ./Middlewares/ST/STM32_USB_Host_Library/Class/CDC/Src/usbh_cdc.o
 .text.CDC_ProcessTransmission
                0x08006f9e       0xec ./Middlewares/ST/STM32_USB_Host_Library/Class/CDC/Src/usbh_cdc.o
 .text.CDC_ProcessReception
                0x0800708a       0xb6 ./Middlewares/ST/STM32_USB_Host_Library/Class/CDC/Src/usbh_cdc.o
 .text.USBH_CDC_TransmitCallback
                0x08007140       0x14 ./Middlewares/ST/STM32_USB_Host_Library/Class/CDC/Src/usbh_cdc.o
                0x08007140                USBH_CDC_TransmitCallback
 .text.USBH_CDC_ReceiveCallback
                0x08007154       0x14 ./Middlewares/ST/STM32_USB_Host_Library/Class/CDC/Src/usbh_cdc.o
                0x08007154                USBH_CDC_ReceiveCallback
 .text.USBH_CDC_LineCodingChanged
                0x08007168       0x14 ./Middlewares/ST/STM32_USB_Host_Library/Class/CDC/Src/usbh_cdc.o
                0x08007168                USBH_CDC_LineCodingChanged
 .text.USBH_Init
                0x0800717c       0x74 ./Middlewares/ST/STM32_USB_Host_Library/Core/Src/usbh_core.o
                0x0800717c                USBH_Init
 .text.DeInitStateMachine
                0x080071f0       0xe6 ./Middlewares/ST/STM32_USB_Host_Library/Core/Src/usbh_core.o
 .text.USBH_RegisterClass
                0x080072d6       0x54 ./Middlewares/ST/STM32_USB_Host_Library/Core/Src/usbh_core.o
                0x080072d6                USBH_RegisterClass
 .text.USBH_SelectInterface
                0x0800732a       0x38 ./Middlewares/ST/STM32_USB_Host_Library/Core/Src/usbh_core.o
                0x0800732a                USBH_SelectInterface
 .text.USBH_FindInterface
                0x08007362       0x8c ./Middlewares/ST/STM32_USB_Host_Library/Core/Src/usbh_core.o
                0x08007362                USBH_FindInterface
 .text.USBH_Start
                0x080073ee       0x20 ./Middlewares/ST/STM32_USB_Host_Library/Core/Src/usbh_core.o
                0x080073ee                USBH_Start
 *fill*         0x0800740e        0x2 
 .text.USBH_Process
                0x08007410      0x3d0 ./Middlewares/ST/STM32_USB_Host_Library/Core/Src/usbh_core.o
                0x08007410                USBH_Process
 .text.USBH_HandleEnum
                0x080077e0      0x3c0 ./Middlewares/ST/STM32_USB_Host_Library/Core/Src/usbh_core.o
 .text.USBH_LL_SetTimer
                0x08007ba0       0x1e ./Middlewares/ST/STM32_USB_Host_Library/Core/Src/usbh_core.o
                0x08007ba0                USBH_LL_SetTimer
 .text.USBH_LL_IncTimer
                0x08007bbe       0x24 ./Middlewares/ST/STM32_USB_Host_Library/Core/Src/usbh_core.o
                0x08007bbe                USBH_LL_IncTimer
 .text.USBH_HandleSof
                0x08007be2       0x30 ./Middlewares/ST/STM32_USB_Host_Library/Core/Src/usbh_core.o
 .text.USBH_LL_PortEnabled
                0x08007c12       0x1c ./Middlewares/ST/STM32_USB_Host_Library/Core/Src/usbh_core.o
                0x08007c12                USBH_LL_PortEnabled
 .text.USBH_LL_PortDisabled
                0x08007c2e       0x1c ./Middlewares/ST/STM32_USB_Host_Library/Core/Src/usbh_core.o
                0x08007c2e                USBH_LL_PortDisabled
 .text.USBH_LL_Connect
                0x08007c4a       0x2e ./Middlewares/ST/STM32_USB_Host_Library/Core/Src/usbh_core.o
                0x08007c4a                USBH_LL_Connect
 .text.USBH_LL_Disconnect
                0x08007c78       0x48 ./Middlewares/ST/STM32_USB_Host_Library/Core/Src/usbh_core.o
                0x08007c78                USBH_LL_Disconnect
 .text.USBH_Get_DevDesc
                0x08007cc0       0x58 ./Middlewares/ST/STM32_USB_Host_Library/Core/Src/usbh_ctlreq.o
                0x08007cc0                USBH_Get_DevDesc
 .text.USBH_Get_CfgDesc
                0x08007d18       0x54 ./Middlewares/ST/STM32_USB_Host_Library/Core/Src/usbh_ctlreq.o
                0x08007d18                USBH_Get_CfgDesc
 .text.USBH_Get_StringDesc
                0x08007d6c       0x68 ./Middlewares/ST/STM32_USB_Host_Library/Core/Src/usbh_ctlreq.o
                0x08007d6c                USBH_Get_StringDesc
 .text.USBH_GetDescriptor
                0x08007dd4       0x6a ./Middlewares/ST/STM32_USB_Host_Library/Core/Src/usbh_ctlreq.o
                0x08007dd4                USBH_GetDescriptor
 .text.USBH_SetAddress
                0x08007e3e       0x48 ./Middlewares/ST/STM32_USB_Host_Library/Core/Src/usbh_ctlreq.o
                0x08007e3e                USBH_SetAddress
 .text.USBH_SetCfg
                0x08007e86       0x46 ./Middlewares/ST/STM32_USB_Host_Library/Core/Src/usbh_ctlreq.o
                0x08007e86                USBH_SetCfg
 .text.USBH_SetFeature
                0x08007ecc       0x48 ./Middlewares/ST/STM32_USB_Host_Library/Core/Src/usbh_ctlreq.o
                0x08007ecc                USBH_SetFeature
 .text.USBH_ClrFeature
                0x08007f14       0x48 ./Middlewares/ST/STM32_USB_Host_Library/Core/Src/usbh_ctlreq.o
                0x08007f14                USBH_ClrFeature
 .text.USBH_ParseDevDesc
                0x08007f5c      0x160 ./Middlewares/ST/STM32_USB_Host_Library/Core/Src/usbh_ctlreq.o
 .text.USBH_ParseCfgDesc
                0x080080bc      0x1f0 ./Middlewares/ST/STM32_USB_Host_Library/Core/Src/usbh_ctlreq.o
 .text.USBH_ParseInterfaceDesc
                0x080082ac       0x68 ./Middlewares/ST/STM32_USB_Host_Library/Core/Src/usbh_ctlreq.o
 .text.USBH_ParseEPDesc
                0x08008314      0x1d0 ./Middlewares/ST/STM32_USB_Host_Library/Core/Src/usbh_ctlreq.o
 .text.USBH_ParseStringDesc
                0x080084e4       0x66 ./Middlewares/ST/STM32_USB_Host_Library/Core/Src/usbh_ctlreq.o
 .text.USBH_GetNextDesc
                0x0800854a       0x34 ./Middlewares/ST/STM32_USB_Host_Library/Core/Src/usbh_ctlreq.o
                0x0800854a                USBH_GetNextDesc
 .text.USBH_CtlReq
                0x0800857e       0x7a ./Middlewares/ST/STM32_USB_Host_Library/Core/Src/usbh_ctlreq.o
                0x0800857e                USBH_CtlReq
 .text.USBH_HandleControl
                0x080085f8      0x2e8 ./Middlewares/ST/STM32_USB_Host_Library/Core/Src/usbh_ctlreq.o
 .text.USBH_CtlSendSetup
                0x080088e0       0x34 ./Middlewares/ST/STM32_USB_Host_Library/Core/Src/usbh_ioreq.o
                0x080088e0                USBH_CtlSendSetup
 .text.USBH_CtlSendData
                0x08008914       0x4a ./Middlewares/ST/STM32_USB_Host_Library/Core/Src/usbh_ioreq.o
                0x08008914                USBH_CtlSendData
 .text.USBH_CtlReceiveData
                0x0800895e       0x3c ./Middlewares/ST/STM32_USB_Host_Library/Core/Src/usbh_ioreq.o
                0x0800895e                USBH_CtlReceiveData
 .text.USBH_BulkSendData
                0x0800899a       0x4a ./Middlewares/ST/STM32_USB_Host_Library/Core/Src/usbh_ioreq.o
                0x0800899a                USBH_BulkSendData
 .text.USBH_BulkReceiveData
                0x080089e4       0x3c ./Middlewares/ST/STM32_USB_Host_Library/Core/Src/usbh_ioreq.o
                0x080089e4                USBH_BulkReceiveData
 .text.USBH_OpenPipe
                0x08008a20       0x3e ./Middlewares/ST/STM32_USB_Host_Library/Core/Src/usbh_pipes.o
                0x08008a20                USBH_OpenPipe
 .text.USBH_ClosePipe
                0x08008a5e       0x20 ./Middlewares/ST/STM32_USB_Host_Library/Core/Src/usbh_pipes.o
                0x08008a5e                USBH_ClosePipe
 .text.USBH_AllocPipe
                0x08008a7e       0x42 ./Middlewares/ST/STM32_USB_Host_Library/Core/Src/usbh_pipes.o
                0x08008a7e                USBH_AllocPipe
 .text.USBH_FreePipe
                0x08008ac0       0x3c ./Middlewares/ST/STM32_USB_Host_Library/Core/Src/usbh_pipes.o
                0x08008ac0                USBH_FreePipe
 .text.USBH_GetFreePipe
                0x08008afc       0x48 ./Middlewares/ST/STM32_USB_Host_Library/Core/Src/usbh_pipes.o
 .text.MX_USB_HOST_Init
                0x08008b44       0x4c ./USB_HOST/App/usb_host.o
                0x08008b44                MX_USB_HOST_Init
 .text.MX_USB_HOST_Process
                0x08008b90       0x14 ./USB_HOST/App/usb_host.o
                0x08008b90                MX_USB_HOST_Process
 .text.USBH_UserProcess
                0x08008ba4       0x5c ./USB_HOST/App/usb_host.o
 .text.HAL_HCD_MspInit
                0x08008c00       0xc4 ./USB_HOST/Target/usbh_conf.o
                0x08008c00                HAL_HCD_MspInit
 .text.HAL_HCD_SOF_Callback
                0x08008cc4       0x1c ./USB_HOST/Target/usbh_conf.o
                0x08008cc4                HAL_HCD_SOF_Callback
 .text.HAL_HCD_Connect_Callback
                0x08008ce0       0x1c ./USB_HOST/Target/usbh_conf.o
                0x08008ce0                HAL_HCD_Connect_Callback
 .text.HAL_HCD_Disconnect_Callback
                0x08008cfc       0x1c ./USB_HOST/Target/usbh_conf.o
                0x08008cfc                HAL_HCD_Disconnect_Callback
 .text.HAL_HCD_HC_NotifyURBChange_Callback
                0x08008d18       0x1c ./USB_HOST/Target/usbh_conf.o
                0x08008d18                HAL_HCD_HC_NotifyURBChange_Callback
 .text.HAL_HCD_PortEnabled_Callback
                0x08008d34       0x1c ./USB_HOST/Target/usbh_conf.o
                0x08008d34                HAL_HCD_PortEnabled_Callback
 .text.HAL_HCD_PortDisabled_Callback
                0x08008d50       0x1c ./USB_HOST/Target/usbh_conf.o
                0x08008d50                HAL_HCD_PortDisabled_Callback
 .text.USBH_LL_Init
                0x08008d6c       0x78 ./USB_HOST/Target/usbh_conf.o
                0x08008d6c                USBH_LL_Init
 .text.USBH_LL_Start
                0x08008de4       0x36 ./USB_HOST/Target/usbh_conf.o
                0x08008de4                USBH_LL_Start
 .text.USBH_LL_Stop
                0x08008e1a       0x36 ./USB_HOST/Target/usbh_conf.o
                0x08008e1a                USBH_LL_Stop
 .text.USBH_LL_GetSpeed
                0x08008e50       0x4e ./USB_HOST/Target/usbh_conf.o
                0x08008e50                USBH_LL_GetSpeed
 .text.USBH_LL_ResetPort
                0x08008e9e       0x36 ./USB_HOST/Target/usbh_conf.o
                0x08008e9e                USBH_LL_ResetPort
 .text.USBH_LL_GetLastXferSize
                0x08008ed4       0x26 ./USB_HOST/Target/usbh_conf.o
                0x08008ed4                USBH_LL_GetLastXferSize
 .text.USBH_LL_OpenPipe
                0x08008efa       0x5e ./USB_HOST/Target/usbh_conf.o
                0x08008efa                USBH_LL_OpenPipe
 .text.USBH_LL_ClosePipe
                0x08008f58       0x3e ./USB_HOST/Target/usbh_conf.o
                0x08008f58                USBH_LL_ClosePipe
 .text.USBH_LL_SubmitURB
                0x08008f96       0x62 ./USB_HOST/Target/usbh_conf.o
                0x08008f96                USBH_LL_SubmitURB
 .text.USBH_LL_GetURBState
                0x08008ff8       0x26 ./USB_HOST/Target/usbh_conf.o
                0x08008ff8                USBH_LL_GetURBState
 .text.USBH_LL_DriverVBUS
                0x0800901e       0x2e ./USB_HOST/Target/usbh_conf.o
                0x0800901e                USBH_LL_DriverVBUS
 .text.USBH_LL_SetToggle
                0x0800904c       0x66 ./USB_HOST/Target/usbh_conf.o
                0x0800904c                USBH_LL_SetToggle
 .text.USBH_Delay
                0x080090b2       0x16 ./USB_HOST/Target/usbh_conf.o
                0x080090b2                USBH_Delay
 .text.USBH_Get_USB_Status
                0x080090c8       0x58 ./USB_HOST/Target/usbh_conf.o
                0x080090c8                USBH_Get_USB_Status
 .text.MX_DriverVbusFS
                0x08009120       0x38 ./USB_HOST/Target/usbh_platform.o
                0x08009120                MX_DriverVbusFS
 .text.malloc   0x08009158       0x10 C:/Program Files/stm/STM32CubeIDE_1.16.0/STM32CubeIDE/plugins/com.st.stm32cube.ide.mcu.externaltools.gnu-tools-for-stm32.12.3.rel1.win32_1.0.200.202406191623/tools/bin/../lib/gcc/arm-none-eabi/12.3.1/../../../../arm-none-eabi/lib/thumb/v7e-m+fp/hard\libc_nano.a(libc_a-malloc.o)
                0x08009158                malloc
 .text.free     0x08009168       0x10 C:/Program Files/stm/STM32CubeIDE_1.16.0/STM32CubeIDE/plugins/com.st.stm32cube.ide.mcu.externaltools.gnu-tools-for-stm32.12.3.rel1.win32_1.0.200.202406191623/tools/bin/../lib/gcc/arm-none-eabi/12.3.1/../../../../arm-none-eabi/lib/thumb/v7e-m+fp/hard\libc_nano.a(libc_a-malloc.o)
                0x08009168                free
 .text.sbrk_aligned
                0x08009178       0x44 C:/Program Files/stm/STM32CubeIDE_1.16.0/STM32CubeIDE/plugins/com.st.stm32cube.ide.mcu.externaltools.gnu-tools-for-stm32.12.3.rel1.win32_1.0.200.202406191623/tools/bin/../lib/gcc/arm-none-eabi/12.3.1/../../../../arm-none-eabi/lib/thumb/v7e-m+fp/hard\libc_nano.a(libc_a-mallocr.o)
 .text._malloc_r
                0x080091bc      0x100 C:/Program Files/stm/STM32CubeIDE_1.16.0/STM32CubeIDE/plugins/com.st.stm32cube.ide.mcu.externaltools.gnu-tools-for-stm32.12.3.rel1.win32_1.0.200.202406191623/tools/bin/../lib/gcc/arm-none-eabi/12.3.1/../../../../arm-none-eabi/lib/thumb/v7e-m+fp/hard\libc_nano.a(libc_a-mallocr.o)
                0x080091bc                _malloc_r
 .text.__malloc_lock
                0x080092bc        0xc C:/Program Files/stm/STM32CubeIDE_1.16.0/STM32CubeIDE/plugins/com.st.stm32cube.ide.mcu.externaltools.gnu-tools-for-stm32.12.3.rel1.win32_1.0.200.202406191623/tools/bin/../lib/gcc/arm-none-eabi/12.3.1/../../../../arm-none-eabi/lib/thumb/v7e-m+fp/hard\libc_nano.a(libc_a-mlock.o)
                0x080092bc                __malloc_lock
 .text.__malloc_unlock
                0x080092c8        0xc C:/Program Files/stm/STM32CubeIDE_1.16.0/STM32CubeIDE/plugins/com.st.stm32cube.ide.mcu.externaltools.gnu-tools-for-stm32.12.3.rel1.win32_1.0.200.202406191623/tools/bin/../lib/gcc/arm-none-eabi/12.3.1/../../../../arm-none-eabi/lib/thumb/v7e-m+fp/hard\libc_nano.a(libc_a-mlock.o)
                0x080092c8                __malloc_unlock
 .text.memset   0x080092d4       0x10 C:/Program Files/stm/STM32CubeIDE_1.16.0/STM32CubeIDE/plugins/com.st.stm32cube.ide.mcu.externaltools.gnu-tools-for-stm32.12.3.rel1.win32_1.0.200.202406191623/tools/bin/../lib/gcc/arm-none-eabi/12.3.1/../../../../arm-none-eabi/lib/thumb/v7e-m+fp/hard\libc_nano.a(libc_a-memset.o)
                0x080092d4                memset
 .text._sbrk_r  0x080092e4       0x20 C:/Program Files/stm/STM32CubeIDE_1.16.0/STM32CubeIDE/plugins/com.st.stm32cube.ide.mcu.externaltools.gnu-tools-for-stm32.12.3.rel1.win32_1.0.200.202406191623/tools/bin/../lib/gcc/arm-none-eabi/12.3.1/../../../../arm-none-eabi/lib/thumb/v7e-m+fp/hard\libc_nano.a(libc_a-sbrkr.o)
                0x080092e4                _sbrk_r
 .text.__errno  0x08009304        0xc C:/Program Files/stm/STM32CubeIDE_1.16.0/STM32CubeIDE/plugins/com.st.stm32cube.ide.mcu.externaltools.gnu-tools-for-stm32.12.3.rel1.win32_1.0.200.202406191623/tools/bin/../lib/gcc/arm-none-eabi/12.3.1/../../../../arm-none-eabi/lib/thumb/v7e-m+fp/hard\libc_nano.a(libc_a-errno.o)
                0x08009304                __errno
 .text.__libc_init_array
                0x08009310       0x48 C:/Program Files/stm/STM32CubeIDE_1.16.0/STM32CubeIDE/plugins/com.st.stm32cube.ide.mcu.externaltools.gnu-tools-for-stm32.12.3.rel1.win32_1.0.200.202406191623/tools/bin/../lib/gcc/arm-none-eabi/12.3.1/../../../../arm-none-eabi/lib/thumb/v7e-m+fp/hard\libc_nano.a(libc_a-init.o)
                0x08009310                __libc_init_array
 .text.__retarget_lock_acquire_recursive
                0x08009358        0x2 C:/Program Files/stm/STM32CubeIDE_1.16.0/STM32CubeIDE/plugins/com.st.stm32cube.ide.mcu.externaltools.gnu-tools-for-stm32.12.3.rel1.win32_1.0.200.202406191623/tools/bin/../lib/gcc/arm-none-eabi/12.3.1/../../../../arm-none-eabi/lib/thumb/v7e-m+fp/hard\libc_nano.a(libc_a-lock.o)
                0x08009358                __retarget_lock_acquire_recursive
 .text.__retarget_lock_release_recursive
                0x0800935a        0x2 C:/Program Files/stm/STM32CubeIDE_1.16.0/STM32CubeIDE/plugins/com.st.stm32cube.ide.mcu.externaltools.gnu-tools-for-stm32.12.3.rel1.win32_1.0.200.202406191623/tools/bin/../lib/gcc/arm-none-eabi/12.3.1/../../../../arm-none-eabi/lib/thumb/v7e-m+fp/hard\libc_nano.a(libc_a-lock.o)
                0x0800935a                __retarget_lock_release_recursive
 .text._free_r  0x0800935c       0x94 C:/Program Files/stm/STM32CubeIDE_1.16.0/STM32CubeIDE/plugins/com.st.stm32cube.ide.mcu.externaltools.gnu-tools-for-stm32.12.3.rel1.win32_1.0.200.202406191623/tools/bin/../lib/gcc/arm-none-eabi/12.3.1/../../../../arm-none-eabi/lib/thumb/v7e-m+fp/hard\libc_nano.a(libc_a-freer.o)
                0x0800935c                _free_r
 *(.glue_7)
 .glue_7        0x080093f0        0x0 linker stubs
 *(.glue_7t)
 .glue_7t       0x080093f0        0x0 linker stubs
 *(.eh_frame)
 .eh_frame      0x080093f0        0x0 C:/Program Files/stm/STM32CubeIDE_1.16.0/STM32CubeIDE/plugins/com.st.stm32cube.ide.mcu.externaltools.gnu-tools-for-stm32.12.3.rel1.win32_1.0.200.202406191623/tools/bin/../lib/gcc/arm-none-eabi/12.3.1/thumb/v7e-m+fp/hard/crtbegin.o
 *(.init)
 .init          0x080093f0        0x4 C:/Program Files/stm/STM32CubeIDE_1.16.0/STM32CubeIDE/plugins/com.st.stm32cube.ide.mcu.externaltools.gnu-tools-for-stm32.12.3.rel1.win32_1.0.200.202406191623/tools/bin/../lib/gcc/arm-none-eabi/12.3.1/thumb/v7e-m+fp/hard/crti.o
                0x080093f0                _init
 .init          0x080093f4        0x8 C:/Program Files/stm/STM32CubeIDE_1.16.0/STM32CubeIDE/plugins/com.st.stm32cube.ide.mcu.externaltools.gnu-tools-for-stm32.12.3.rel1.win32_1.0.200.202406191623/tools/bin/../lib/gcc/arm-none-eabi/12.3.1/thumb/v7e-m+fp/hard/crtn.o
 *(.fini)
 .fini          0x080093fc        0x4 C:/Program Files/stm/STM32CubeIDE_1.16.0/STM32CubeIDE/plugins/com.st.stm32cube.ide.mcu.externaltools.gnu-tools-for-stm32.12.3.rel1.win32_1.0.200.202406191623/tools/bin/../lib/gcc/arm-none-eabi/12.3.1/thumb/v7e-m+fp/hard/crti.o
                0x080093fc                _fini
 .fini          0x08009400        0x8 C:/Program Files/stm/STM32CubeIDE_1.16.0/STM32CubeIDE/plugins/com.st.stm32cube.ide.mcu.externaltools.gnu-tools-for-stm32.12.3.rel1.win32_1.0.200.202406191623/tools/bin/../lib/gcc/arm-none-eabi/12.3.1/thumb/v7e-m+fp/hard/crtn.o
                0x08009408                        . = ALIGN (0x4)
                0x08009408                        _etext = .

.vfp11_veneer   0x08009408        0x0
 .vfp11_veneer  0x08009408        0x0 linker stubs

.v4_bx          0x08009408        0x0
 .v4_bx         0x08009408        0x0 linker stubs

.iplt           0x08009408        0x0
 .iplt          0x08009408        0x0 C:/Program Files/stm/STM32CubeIDE_1.16.0/STM32CubeIDE/plugins/com.st.stm32cube.ide.mcu.externaltools.gnu-tools-for-stm32.12.3.rel1.win32_1.0.200.202406191623/tools/bin/../lib/gcc/arm-none-eabi/12.3.1/thumb/v7e-m+fp/hard/crtbegin.o

.rodata         0x08009408       0x1c
                0x08009408                        . = ALIGN (0x4)
 *(.rodata)
 .rodata        0x08009408        0x4 ./Middlewares/ST/STM32_USB_Host_Library/Class/CDC/Src/usbh_cdc.o
 *(.rodata*)
 .rodata.AHBPrescTable
                0x0800940c       0x10 ./Core/Src/system_stm32f4xx.o
                0x0800940c                AHBPrescTable
 .rodata.APBPrescTable
                0x0800941c        0x8 ./Core/Src/system_stm32f4xx.o
                0x0800941c                APBPrescTable
                0x08009424                        . = ALIGN (0x4)

.ARM.extab      0x08009424        0x0
                0x08009424                        . = ALIGN (0x4)
 *(.ARM.extab* .gnu.linkonce.armextab.*)
                0x08009424                        . = ALIGN (0x4)

.ARM            0x08009424        0x8
                0x08009424                        . = ALIGN (0x4)
                0x08009424                        __exidx_start = .
 *(.ARM.exidx*)
 .ARM.exidx     0x08009424        0x8 C:/Program Files/stm/STM32CubeIDE_1.16.0/STM32CubeIDE/plugins/com.st.stm32cube.ide.mcu.externaltools.gnu-tools-for-stm32.12.3.rel1.win32_1.0.200.202406191623/tools/bin/../lib/gcc/arm-none-eabi/12.3.1/thumb/v7e-m+fp/hard\libgcc.a(_udivmoddi4.o)
                0x0800942c                        __exidx_end = .
                0x0800942c                        . = ALIGN (0x4)

.preinit_array  0x0800942c        0x0
                0x0800942c                        . = ALIGN (0x4)
                0x0800942c                        PROVIDE (__preinit_array_start = .)
 *(.preinit_array*)
                0x0800942c                        PROVIDE (__preinit_array_end = .)
                0x0800942c                        . = ALIGN (0x4)

.init_array     0x0800942c        0x4
                0x0800942c                        . = ALIGN (0x4)
                0x0800942c                        PROVIDE (__init_array_start = .)
 *(SORT_BY_NAME(.init_array.*))
 *(.init_array*)
 .init_array    0x0800942c        0x4 C:/Program Files/stm/STM32CubeIDE_1.16.0/STM32CubeIDE/plugins/com.st.stm32cube.ide.mcu.externaltools.gnu-tools-for-stm32.12.3.rel1.win32_1.0.200.202406191623/tools/bin/../lib/gcc/arm-none-eabi/12.3.1/thumb/v7e-m+fp/hard/crtbegin.o
                0x08009430                        PROVIDE (__init_array_end = .)
                0x08009430                        . = ALIGN (0x4)

.fini_array     0x08009430        0x4
                0x08009430                        . = ALIGN (0x4)
                [!provide]                        PROVIDE (__fini_array_start = .)
 *(SORT_BY_NAME(.fini_array.*))
 *(.fini_array*)
 .fini_array    0x08009430        0x4 C:/Program Files/stm/STM32CubeIDE_1.16.0/STM32CubeIDE/plugins/com.st.stm32cube.ide.mcu.externaltools.gnu-tools-for-stm32.12.3.rel1.win32_1.0.200.202406191623/tools/bin/../lib/gcc/arm-none-eabi/12.3.1/thumb/v7e-m+fp/hard/crtbegin.o
                [!provide]                        PROVIDE (__fini_array_end = .)
                0x08009434                        . = ALIGN (0x4)
                0x08009434                        _sidata = LOADADDR (.data)

.rel.dyn        0x08009434        0x0
 .rel.iplt      0x08009434        0x0 C:/Program Files/stm/STM32CubeIDE_1.16.0/STM32CubeIDE/plugins/com.st.stm32cube.ide.mcu.externaltools.gnu-tools-for-stm32.12.3.rel1.win32_1.0.200.202406191623/tools/bin/../lib/gcc/arm-none-eabi/12.3.1/thumb/v7e-m+fp/hard/crtbegin.o

.data           0x20000000       0x7c load address 0x08009434
                0x20000000                        . = ALIGN (0x4)
                0x20000000                        _sdata = .
 *(.data)
 *(.data*)
 .data.SystemCoreClock
                0x20000000        0x4 ./Core/Src/system_stm32f4xx.o
                0x20000000                SystemCoreClock
 .data.uwTickPrio
                0x20000004        0x4 ./Drivers/STM32F4xx_HAL_Driver/Src/stm32f4xx_hal.o
                0x20000004                uwTickPrio
 .data.uwTickFreq
                0x20000008        0x1 ./Drivers/STM32F4xx_HAL_Driver/Src/stm32f4xx_hal.o
                0x20000008                uwTickFreq
 *fill*         0x20000009        0x3 
 .data.CDC_Class
                0x2000000c       0x20 ./Middlewares/ST/STM32_USB_Host_Library/Class/CDC/Src/usbh_cdc.o
                0x2000000c                CDC_Class
 .data._impure_ptr
                0x2000002c        0x4 C:/Program Files/stm/STM32CubeIDE_1.16.0/STM32CubeIDE/plugins/com.st.stm32cube.ide.mcu.externaltools.gnu-tools-for-stm32.12.3.rel1.win32_1.0.200.202406191623/tools/bin/../lib/gcc/arm-none-eabi/12.3.1/../../../../arm-none-eabi/lib/thumb/v7e-m+fp/hard\libc_nano.a(libc_a-impure.o)
                0x2000002c                _impure_ptr
 .data._impure_data
                0x20000030       0x4c C:/Program Files/stm/STM32CubeIDE_1.16.0/STM32CubeIDE/plugins/com.st.stm32cube.ide.mcu.externaltools.gnu-tools-for-stm32.12.3.rel1.win32_1.0.200.202406191623/tools/bin/../lib/gcc/arm-none-eabi/12.3.1/../../../../arm-none-eabi/lib/thumb/v7e-m+fp/hard\libc_nano.a(libc_a-impure.o)
                0x20000030                _impure_data
 *(.RamFunc)
 *(.RamFunc*)
                0x2000007c                        . = ALIGN (0x4)
                0x2000007c                        _edata = .
                0x080094b0                        _siccmram = LOADADDR (.ccmram)

.igot.plt       0x2000007c        0x0 load address 0x080094b0
 .igot.plt      0x2000007c        0x0 C:/Program Files/stm/STM32CubeIDE_1.16.0/STM32CubeIDE/plugins/com.st.stm32cube.ide.mcu.externaltools.gnu-tools-for-stm32.12.3.rel1.win32_1.0.200.202406191623/tools/bin/../lib/gcc/arm-none-eabi/12.3.1/thumb/v7e-m+fp/hard/crtbegin.o

.ccmram         0x10000000        0x0 load address 0x080094b0
                0x10000000                        . = ALIGN (0x4)
                0x10000000                        _sccmram = .
 *(.ccmram)
 *(.ccmram*)
                0x10000000                        . = ALIGN (0x4)
                0x10000000                        _eccmram = .
                0x10000000                        . = ALIGN (0x4)

.bss            0x2000007c      0xa68
                0x2000007c                        _sbss = .
                0x2000007c                        __bss_start__ = _sbss
 *(.bss)
 .bss           0x2000007c       0x1c C:/Program Files/stm/STM32CubeIDE_1.16.0/STM32CubeIDE/plugins/com.st.stm32cube.ide.mcu.externaltools.gnu-tools-for-stm32.12.3.rel1.win32_1.0.200.202406191623/tools/bin/../lib/gcc/arm-none-eabi/12.3.1/thumb/v7e-m+fp/hard/crtbegin.o
 *(.bss*)
 .bss.hadc2     0x20000098       0x48 ./Core/Src/main.o
                0x20000098                hadc2
 .bss.hi2c1     0x200000e0       0x54 ./Core/Src/main.o
                0x200000e0                hi2c1
 .bss.hi2s3     0x20000134       0x48 ./Core/Src/main.o
                0x20000134                hi2s3
 .bss.hspi1     0x2000017c       0x58 ./Core/Src/main.o
                0x2000017c                hspi1
 .bss.data      0x200001d4        0x4 ./Core/Src/main.o
                0x200001d4                data
 .bss.__sbrk_heap_end
                0x200001d8        0x4 ./Core/Src/sysmem.o
 .bss.uwTick    0x200001dc        0x4 ./Drivers/STM32F4xx_HAL_Driver/Src/stm32f4xx_hal.o
                0x200001dc                uwTick
 .bss.hUsbHostFS
                0x200001e0      0x3d8 ./USB_HOST/App/usb_host.o
                0x200001e0                hUsbHostFS
 .bss.Appli_state
                0x200005b8        0x1 ./USB_HOST/App/usb_host.o
                0x200005b8                Appli_state
 *fill*         0x200005b9        0x3 
 .bss.hhcd_USB_OTG_FS
                0x200005bc      0x3e0 ./USB_HOST/Target/usbh_conf.o
                0x200005bc                hhcd_USB_OTG_FS
 .bss.__malloc_sbrk_start
                0x2000099c        0x4 C:/Program Files/stm/STM32CubeIDE_1.16.0/STM32CubeIDE/plugins/com.st.stm32cube.ide.mcu.externaltools.gnu-tools-for-stm32.12.3.rel1.win32_1.0.200.202406191623/tools/bin/../lib/gcc/arm-none-eabi/12.3.1/../../../../arm-none-eabi/lib/thumb/v7e-m+fp/hard\libc_nano.a(libc_a-mallocr.o)
                0x2000099c                __malloc_sbrk_start
 .bss.__malloc_free_list
                0x200009a0        0x4 C:/Program Files/stm/STM32CubeIDE_1.16.0/STM32CubeIDE/plugins/com.st.stm32cube.ide.mcu.externaltools.gnu-tools-for-stm32.12.3.rel1.win32_1.0.200.202406191623/tools/bin/../lib/gcc/arm-none-eabi/12.3.1/../../../../arm-none-eabi/lib/thumb/v7e-m+fp/hard\libc_nano.a(libc_a-mallocr.o)
                0x200009a0                __malloc_free_list
 .bss.__sf      0x200009a4      0x138 C:/Program Files/stm/STM32CubeIDE_1.16.0/STM32CubeIDE/plugins/com.st.stm32cube.ide.mcu.externaltools.gnu-tools-for-stm32.12.3.rel1.win32_1.0.200.202406191623/tools/bin/../lib/gcc/arm-none-eabi/12.3.1/../../../../arm-none-eabi/lib/thumb/v7e-m+fp/hard\libc_nano.a(libc_a-findfp.o)
                0x200009a4                __sf
 .bss.errno     0x20000adc        0x4 C:/Program Files/stm/STM32CubeIDE_1.16.0/STM32CubeIDE/plugins/com.st.stm32cube.ide.mcu.externaltools.gnu-tools-for-stm32.12.3.rel1.win32_1.0.200.202406191623/tools/bin/../lib/gcc/arm-none-eabi/12.3.1/../../../../arm-none-eabi/lib/thumb/v7e-m+fp/hard\libc_nano.a(libc_a-reent.o)
                0x20000adc                errno
 .bss.__lock___malloc_recursive_mutex
                0x20000ae0        0x1 C:/Program Files/stm/STM32CubeIDE_1.16.0/STM32CubeIDE/plugins/com.st.stm32cube.ide.mcu.externaltools.gnu-tools-for-stm32.12.3.rel1.win32_1.0.200.202406191623/tools/bin/../lib/gcc/arm-none-eabi/12.3.1/../../../../arm-none-eabi/lib/thumb/v7e-m+fp/hard\libc_nano.a(libc_a-lock.o)
                0x20000ae0                __lock___malloc_recursive_mutex
 *(COMMON)
                0x20000ae4                        . = ALIGN (0x4)
 *fill*         0x20000ae1        0x3 
                0x20000ae4                        _ebss = .
                0x20000ae4                        __bss_end__ = _ebss

._user_heap_stack
                0x20000ae4      0x604
                0x20000ae8                        . = ALIGN (0x8)
 *fill*         0x20000ae4        0x4 
                [!provide]                        PROVIDE (end = .)
                0x20000ae8                        PROVIDE (_end = .)
                0x20000ce8                        . = (. + _Min_Heap_Size)
 *fill*         0x20000ae8      0x200 
                0x200010e8                        . = (. + _Min_Stack_Size)
 *fill*         0x20000ce8      0x400 
                0x200010e8                        . = ALIGN (0x8)

/DISCARD/
 libc.a(*)
 libm.a(*)
 libgcc.a(*)

.ARM.attributes
                0x00000000       0x30
 *(.ARM.attributes)
 .ARM.attributes
                0x00000000       0x22 C:/Program Files/stm/STM32CubeIDE_1.16.0/STM32CubeIDE/plugins/com.st.stm32cube.ide.mcu.externaltools.gnu-tools-for-stm32.12.3.rel1.win32_1.0.200.202406191623/tools/bin/../lib/gcc/arm-none-eabi/12.3.1/thumb/v7e-m+fp/hard/crti.o
 .ARM.attributes
                0x00000022       0x34 C:/Program Files/stm/STM32CubeIDE_1.16.0/STM32CubeIDE/plugins/com.st.stm32cube.ide.mcu.externaltools.gnu-tools-for-stm32.12.3.rel1.win32_1.0.200.202406191623/tools/bin/../lib/gcc/arm-none-eabi/12.3.1/thumb/v7e-m+fp/hard/crtbegin.o
 .ARM.attributes
                0x00000056       0x34 ./Core/Src/main.o
 .ARM.attributes
                0x0000008a       0x34 ./Core/Src/stm32f4xx_hal_msp.o
 .ARM.attributes
                0x000000be       0x34 ./Core/Src/stm32f4xx_it.o
 .ARM.attributes
                0x000000f2       0x34 ./Core/Src/sysmem.o
 .ARM.attributes
                0x00000126       0x34 ./Core/Src/system_stm32f4xx.o
 .ARM.attributes
                0x0000015a       0x21 ./Core/Startup/startup_stm32f407vgtx.o
 .ARM.attributes
                0x0000017b       0x34 ./Drivers/STM32F4xx_HAL_Driver/Src/stm32f4xx_hal.o
 .ARM.attributes
                0x000001af       0x34 ./Drivers/STM32F4xx_HAL_Driver/Src/stm32f4xx_hal_adc.o
 .ARM.attributes
                0x000001e3       0x34 ./Drivers/STM32F4xx_HAL_Driver/Src/stm32f4xx_hal_cortex.o
 .ARM.attributes
                0x00000217       0x34 ./Drivers/STM32F4xx_HAL_Driver/Src/stm32f4xx_hal_gpio.o
 .ARM.attributes
                0x0000024b       0x34 ./Drivers/STM32F4xx_HAL_Driver/Src/stm32f4xx_hal_hcd.o
 .ARM.attributes
                0x0000027f       0x34 ./Drivers/STM32F4xx_HAL_Driver/Src/stm32f4xx_hal_i2c.o
 .ARM.attributes
                0x000002b3       0x34 ./Drivers/STM32F4xx_HAL_Driver/Src/stm32f4xx_hal_i2s.o
 .ARM.attributes
                0x000002e7       0x34 ./Drivers/STM32F4xx_HAL_Driver/Src/stm32f4xx_hal_i2s_ex.o
 .ARM.attributes
                0x0000031b       0x34 ./Drivers/STM32F4xx_HAL_Driver/Src/stm32f4xx_hal_rcc.o
 .ARM.attributes
                0x0000034f       0x34 ./Drivers/STM32F4xx_HAL_Driver/Src/stm32f4xx_hal_rcc_ex.o
 .ARM.attributes
                0x00000383       0x34 ./Drivers/STM32F4xx_HAL_Driver/Src/stm32f4xx_hal_spi.o
 .ARM.attributes
                0x000003b7       0x34 ./Drivers/STM32F4xx_HAL_Driver/Src/stm32f4xx_ll_usb.o
 .ARM.attributes
                0x000003eb       0x34 ./Middlewares/ST/STM32_USB_Host_Library/Class/CDC/Src/usbh_cdc.o
 .ARM.attributes
                0x0000041f       0x34 ./Middlewares/ST/STM32_USB_Host_Library/Core/Src/usbh_core.o
 .ARM.attributes
                0x00000453       0x34 ./Middlewares/ST/STM32_USB_Host_Library/Core/Src/usbh_ctlreq.o
 .ARM.attributes
                0x00000487       0x34 ./Middlewares/ST/STM32_USB_Host_Library/Core/Src/usbh_ioreq.o
 .ARM.attributes
                0x000004bb       0x34 ./Middlewares/ST/STM32_USB_Host_Library/Core/Src/usbh_pipes.o
 .ARM.attributes
                0x000004ef       0x34 ./USB_HOST/App/usb_host.o
 .ARM.attributes
                0x00000523       0x34 ./USB_HOST/Target/usbh_conf.o
 .ARM.attributes
                0x00000557       0x34 ./USB_HOST/Target/usbh_platform.o
 .ARM.attributes
                0x0000058b       0x34 C:/Program Files/stm/STM32CubeIDE_1.16.0/STM32CubeIDE/plugins/com.st.stm32cube.ide.mcu.externaltools.gnu-tools-for-stm32.12.3.rel1.win32_1.0.200.202406191623/tools/bin/../lib/gcc/arm-none-eabi/12.3.1/../../../../arm-none-eabi/lib/thumb/v7e-m+fp/hard\libc_nano.a(libc_a-malloc.o)
 .ARM.attributes
                0x000005bf       0x34 C:/Program Files/stm/STM32CubeIDE_1.16.0/STM32CubeIDE/plugins/com.st.stm32cube.ide.mcu.externaltools.gnu-tools-for-stm32.12.3.rel1.win32_1.0.200.202406191623/tools/bin/../lib/gcc/arm-none-eabi/12.3.1/../../../../arm-none-eabi/lib/thumb/v7e-m+fp/hard\libc_nano.a(libc_a-mallocr.o)
 .ARM.attributes
                0x000005f3       0x34 C:/Program Files/stm/STM32CubeIDE_1.16.0/STM32CubeIDE/plugins/com.st.stm32cube.ide.mcu.externaltools.gnu-tools-for-stm32.12.3.rel1.win32_1.0.200.202406191623/tools/bin/../lib/gcc/arm-none-eabi/12.3.1/../../../../arm-none-eabi/lib/thumb/v7e-m+fp/hard\libc_nano.a(libc_a-mlock.o)
 .ARM.attributes
                0x00000627       0x34 C:/Program Files/stm/STM32CubeIDE_1.16.0/STM32CubeIDE/plugins/com.st.stm32cube.ide.mcu.externaltools.gnu-tools-for-stm32.12.3.rel1.win32_1.0.200.202406191623/tools/bin/../lib/gcc/arm-none-eabi/12.3.1/../../../../arm-none-eabi/lib/thumb/v7e-m+fp/hard\libc_nano.a(libc_a-findfp.o)
 .ARM.attributes
                0x0000065b       0x34 C:/Program Files/stm/STM32CubeIDE_1.16.0/STM32CubeIDE/plugins/com.st.stm32cube.ide.mcu.externaltools.gnu-tools-for-stm32.12.3.rel1.win32_1.0.200.202406191623/tools/bin/../lib/gcc/arm-none-eabi/12.3.1/../../../../arm-none-eabi/lib/thumb/v7e-m+fp/hard\libc_nano.a(libc_a-memset.o)
 .ARM.attributes
                0x0000068f       0x34 C:/Program Files/stm/STM32CubeIDE_1.16.0/STM32CubeIDE/plugins/com.st.stm32cube.ide.mcu.externaltools.gnu-tools-for-stm32.12.3.rel1.win32_1.0.200.202406191623/tools/bin/../lib/gcc/arm-none-eabi/12.3.1/../../../../arm-none-eabi/lib/thumb/v7e-m+fp/hard\libc_nano.a(libc_a-reent.o)
 .ARM.attributes
                0x000006c3       0x34 C:/Program Files/stm/STM32CubeIDE_1.16.0/STM32CubeIDE/plugins/com.st.stm32cube.ide.mcu.externaltools.gnu-tools-for-stm32.12.3.rel1.win32_1.0.200.202406191623/tools/bin/../lib/gcc/arm-none-eabi/12.3.1/../../../../arm-none-eabi/lib/thumb/v7e-m+fp/hard\libc_nano.a(libc_a-impure.o)
 .ARM.attributes
                0x000006f7       0x34 C:/Program Files/stm/STM32CubeIDE_1.16.0/STM32CubeIDE/plugins/com.st.stm32cube.ide.mcu.externaltools.gnu-tools-for-stm32.12.3.rel1.win32_1.0.200.202406191623/tools/bin/../lib/gcc/arm-none-eabi/12.3.1/../../../../arm-none-eabi/lib/thumb/v7e-m+fp/hard\libc_nano.a(libc_a-sbrkr.o)
 .ARM.attributes
                0x0000072b       0x34 C:/Program Files/stm/STM32CubeIDE_1.16.0/STM32CubeIDE/plugins/com.st.stm32cube.ide.mcu.externaltools.gnu-tools-for-stm32.12.3.rel1.win32_1.0.200.202406191623/tools/bin/../lib/gcc/arm-none-eabi/12.3.1/../../../../arm-none-eabi/lib/thumb/v7e-m+fp/hard\libc_nano.a(libc_a-errno.o)
 .ARM.attributes
                0x0000075f       0x34 C:/Program Files/stm/STM32CubeIDE_1.16.0/STM32CubeIDE/plugins/com.st.stm32cube.ide.mcu.externaltools.gnu-tools-for-stm32.12.3.rel1.win32_1.0.200.202406191623/tools/bin/../lib/gcc/arm-none-eabi/12.3.1/../../../../arm-none-eabi/lib/thumb/v7e-m+fp/hard\libc_nano.a(libc_a-init.o)
 .ARM.attributes
                0x00000793       0x34 C:/Program Files/stm/STM32CubeIDE_1.16.0/STM32CubeIDE/plugins/com.st.stm32cube.ide.mcu.externaltools.gnu-tools-for-stm32.12.3.rel1.win32_1.0.200.202406191623/tools/bin/../lib/gcc/arm-none-eabi/12.3.1/../../../../arm-none-eabi/lib/thumb/v7e-m+fp/hard\libc_nano.a(libc_a-lock.o)
 .ARM.attributes
                0x000007c7       0x34 C:/Program Files/stm/STM32CubeIDE_1.16.0/STM32CubeIDE/plugins/com.st.stm32cube.ide.mcu.externaltools.gnu-tools-for-stm32.12.3.rel1.win32_1.0.200.202406191623/tools/bin/../lib/gcc/arm-none-eabi/12.3.1/../../../../arm-none-eabi/lib/thumb/v7e-m+fp/hard\libc_nano.a(libc_a-freer.o)
 .ARM.attributes
                0x000007fb       0x22 C:/Program Files/stm/STM32CubeIDE_1.16.0/STM32CubeIDE/plugins/com.st.stm32cube.ide.mcu.externaltools.gnu-tools-for-stm32.12.3.rel1.win32_1.0.200.202406191623/tools/bin/../lib/gcc/arm-none-eabi/12.3.1/thumb/v7e-m+fp/hard\libgcc.a(_aeabi_uldivmod.o)
 .ARM.attributes
                0x0000081d       0x34 C:/Program Files/stm/STM32CubeIDE_1.16.0/STM32CubeIDE/plugins/com.st.stm32cube.ide.mcu.externaltools.gnu-tools-for-stm32.12.3.rel1.win32_1.0.200.202406191623/tools/bin/../lib/gcc/arm-none-eabi/12.3.1/thumb/v7e-m+fp/hard\libgcc.a(_udivmoddi4.o)
 .ARM.attributes
                0x00000851       0x22 C:/Program Files/stm/STM32CubeIDE_1.16.0/STM32CubeIDE/plugins/com.st.stm32cube.ide.mcu.externaltools.gnu-tools-for-stm32.12.3.rel1.win32_1.0.200.202406191623/tools/bin/../lib/gcc/arm-none-eabi/12.3.1/thumb/v7e-m+fp/hard\libgcc.a(_dvmd_tls.o)
 .ARM.attributes
                0x00000873       0x22 C:/Program Files/stm/STM32CubeIDE_1.16.0/STM32CubeIDE/plugins/com.st.stm32cube.ide.mcu.externaltools.gnu-tools-for-stm32.12.3.rel1.win32_1.0.200.202406191623/tools/bin/../lib/gcc/arm-none-eabi/12.3.1/thumb/v7e-m+fp/hard/crtn.o
OUTPUT(AnalogToDigital.elf elf32-littlearm)
LOAD linker stubs
LOAD C:/Program Files/stm/STM32CubeIDE_1.16.0/STM32CubeIDE/plugins/com.st.stm32cube.ide.mcu.externaltools.gnu-tools-for-stm32.12.3.rel1.win32_1.0.200.202406191623/tools/bin/../lib/gcc/arm-none-eabi/12.3.1/../../../../arm-none-eabi/lib/thumb/v7e-m+fp/hard\libc.a
LOAD C:/Program Files/stm/STM32CubeIDE_1.16.0/STM32CubeIDE/plugins/com.st.stm32cube.ide.mcu.externaltools.gnu-tools-for-stm32.12.3.rel1.win32_1.0.200.202406191623/tools/bin/../lib/gcc/arm-none-eabi/12.3.1/../../../../arm-none-eabi/lib/thumb/v7e-m+fp/hard\libm.a
LOAD C:/Program Files/stm/STM32CubeIDE_1.16.0/STM32CubeIDE/plugins/com.st.stm32cube.ide.mcu.externaltools.gnu-tools-for-stm32.12.3.rel1.win32_1.0.200.202406191623/tools/bin/../lib/gcc/arm-none-eabi/12.3.1/thumb/v7e-m+fp/hard\libgcc.a

.debug_info     0x00000000    0x15dc5
 .debug_info    0x00000000     0x146b ./Core/Src/main.o
 .debug_info    0x0000146b     0x12cd ./Core/Src/stm32f4xx_hal_msp.o
 .debug_info    0x00002738      0x6a5 ./Core/Src/stm32f4xx_it.o
 .debug_info    0x00002ddd      0x168 ./Core/Src/sysmem.o
 .debug_info    0x00002f45      0x512 ./Core/Src/system_stm32f4xx.o
 .debug_info    0x00003457       0x30 ./Core/Startup/startup_stm32f407vgtx.o
 .debug_info    0x00003487      0x944 ./Drivers/STM32F4xx_HAL_Driver/Src/stm32f4xx_hal.o
 .debug_info    0x00003dcb      0xcd4 ./Drivers/STM32F4xx_HAL_Driver/Src/stm32f4xx_hal_adc.o
 .debug_info    0x00004a9f      0xd57 ./Drivers/STM32F4xx_HAL_Driver/Src/stm32f4xx_hal_cortex.o
 .debug_info    0x000057f6      0x6c3 ./Drivers/STM32F4xx_HAL_Driver/Src/stm32f4xx_hal_gpio.o
 .debug_info    0x00005eb9     0x114c ./Drivers/STM32F4xx_HAL_Driver/Src/stm32f4xx_hal_hcd.o
 .debug_info    0x00007005     0x2415 ./Drivers/STM32F4xx_HAL_Driver/Src/stm32f4xx_hal_i2c.o
 .debug_info    0x0000941a      0xdf8 ./Drivers/STM32F4xx_HAL_Driver/Src/stm32f4xx_hal_i2s.o
 .debug_info    0x0000a212      0xaeb ./Drivers/STM32F4xx_HAL_Driver/Src/stm32f4xx_hal_i2s_ex.o
 .debug_info    0x0000acfd      0x8b1 ./Drivers/STM32F4xx_HAL_Driver/Src/stm32f4xx_hal_rcc.o
 .debug_info    0x0000b5ae      0x53a ./Drivers/STM32F4xx_HAL_Driver/Src/stm32f4xx_hal_rcc_ex.o
 .debug_info    0x0000bae8     0x15fb ./Drivers/STM32F4xx_HAL_Driver/Src/stm32f4xx_hal_spi.o
 .debug_info    0x0000d0e3     0x1993 ./Drivers/STM32F4xx_HAL_Driver/Src/stm32f4xx_ll_usb.o
 .debug_info    0x0000ea76     0x1470 ./Middlewares/ST/STM32_USB_Host_Library/Class/CDC/Src/usbh_cdc.o
 .debug_info    0x0000fee6      0xfb2 ./Middlewares/ST/STM32_USB_Host_Library/Core/Src/usbh_core.o
 .debug_info    0x00010e98      0xfa6 ./Middlewares/ST/STM32_USB_Host_Library/Core/Src/usbh_ctlreq.o
 .debug_info    0x00011e3e      0xc2b ./Middlewares/ST/STM32_USB_Host_Library/Core/Src/usbh_ioreq.o
 .debug_info    0x00012a69      0xa8e ./Middlewares/ST/STM32_USB_Host_Library/Core/Src/usbh_pipes.o
 .debug_info    0x000134f7      0xa10 ./USB_HOST/App/usb_host.o
 .debug_info    0x00013f07     0x1ce6 ./USB_HOST/Target/usbh_conf.o
 .debug_info    0x00015bed      0x1d8 ./USB_HOST/Target/usbh_platform.o

.debug_abbrev   0x00000000     0x3ae4
 .debug_abbrev  0x00000000      0x297 ./Core/Src/main.o
 .debug_abbrev  0x00000297      0x221 ./Core/Src/stm32f4xx_hal_msp.o
 .debug_abbrev  0x000004b8      0x1a4 ./Core/Src/stm32f4xx_it.o
 .debug_abbrev  0x0000065c       0xbc ./Core/Src/sysmem.o
 .debug_abbrev  0x00000718      0x11a ./Core/Src/system_stm32f4xx.o
 .debug_abbrev  0x00000832       0x24 ./Core/Startup/startup_stm32f407vgtx.o
 .debug_abbrev  0x00000856      0x214 ./Drivers/STM32F4xx_HAL_Driver/Src/stm32f4xx_hal.o
 .debug_abbrev  0x00000a6a      0x252 ./Drivers/STM32F4xx_HAL_Driver/Src/stm32f4xx_hal_adc.o
 .debug_abbrev  0x00000cbc      0x328 ./Drivers/STM32F4xx_HAL_Driver/Src/stm32f4xx_hal_cortex.o
 .debug_abbrev  0x00000fe4      0x1d4 ./Drivers/STM32F4xx_HAL_Driver/Src/stm32f4xx_hal_gpio.o
 .debug_abbrev  0x000011b8      0x296 ./Drivers/STM32F4xx_HAL_Driver/Src/stm32f4xx_hal_hcd.o
 .debug_abbrev  0x0000144e      0x2ad ./Drivers/STM32F4xx_HAL_Driver/Src/stm32f4xx_hal_i2c.o
 .debug_abbrev  0x000016fb      0x256 ./Drivers/STM32F4xx_HAL_Driver/Src/stm32f4xx_hal_i2s.o
 .debug_abbrev  0x00001951      0x288 ./Drivers/STM32F4xx_HAL_Driver/Src/stm32f4xx_hal_i2s_ex.o
 .debug_abbrev  0x00001bd9      0x2b6 ./Drivers/STM32F4xx_HAL_Driver/Src/stm32f4xx_hal_rcc.o
 .debug_abbrev  0x00001e8f      0x1af ./Drivers/STM32F4xx_HAL_Driver/Src/stm32f4xx_hal_rcc_ex.o
 .debug_abbrev  0x0000203e      0x284 ./Drivers/STM32F4xx_HAL_Driver/Src/stm32f4xx_hal_spi.o
 .debug_abbrev  0x000022c2      0x2b3 ./Drivers/STM32F4xx_HAL_Driver/Src/stm32f4xx_ll_usb.o
 .debug_abbrev  0x00002575      0x33c ./Middlewares/ST/STM32_USB_Host_Library/Class/CDC/Src/usbh_cdc.o
 .debug_abbrev  0x000028b1      0x32a ./Middlewares/ST/STM32_USB_Host_Library/Core/Src/usbh_core.o
 .debug_abbrev  0x00002bdb      0x2ff ./Middlewares/ST/STM32_USB_Host_Library/Core/Src/usbh_ctlreq.o
 .debug_abbrev  0x00002eda      0x245 ./Middlewares/ST/STM32_USB_Host_Library/Core/Src/usbh_ioreq.o
 .debug_abbrev  0x0000311f      0x281 ./Middlewares/ST/STM32_USB_Host_Library/Core/Src/usbh_pipes.o
 .debug_abbrev  0x000033a0      0x26e ./USB_HOST/App/usb_host.o
 .debug_abbrev  0x0000360e      0x3c2 ./USB_HOST/Target/usbh_conf.o
 .debug_abbrev  0x000039d0      0x114 ./USB_HOST/Target/usbh_platform.o

.debug_aranges  0x00000000     0x1230
 .debug_aranges
                0x00000000       0x58 ./Core/Src/main.o
 .debug_aranges
                0x00000058       0x60 ./Core/Src/stm32f4xx_hal_msp.o
 .debug_aranges
                0x000000b8       0x68 ./Core/Src/stm32f4xx_it.o
 .debug_aranges
                0x00000120       0x20 ./Core/Src/sysmem.o
 .debug_aranges
                0x00000140       0x28 ./Core/Src/system_stm32f4xx.o
 .debug_aranges
                0x00000168       0x28 ./Core/Startup/startup_stm32f407vgtx.o
 .debug_aranges
                0x00000190       0xf0 ./Drivers/STM32F4xx_HAL_Driver/Src/stm32f4xx_hal.o
 .debug_aranges
                0x00000280       0xe8 ./Drivers/STM32F4xx_HAL_Driver/Src/stm32f4xx_hal_adc.o
 .debug_aranges
                0x00000368      0x120 ./Drivers/STM32F4xx_HAL_Driver/Src/stm32f4xx_hal_cortex.o
 .debug_aranges
                0x00000488       0x58 ./Drivers/STM32F4xx_HAL_Driver/Src/stm32f4xx_hal_gpio.o
 .debug_aranges
                0x000004e0      0x108 ./Drivers/STM32F4xx_HAL_Driver/Src/stm32f4xx_hal_hcd.o
 .debug_aranges
                0x000005e8      0x2a8 ./Drivers/STM32F4xx_HAL_Driver/Src/stm32f4xx_hal_i2c.o
 .debug_aranges
                0x00000890      0x108 ./Drivers/STM32F4xx_HAL_Driver/Src/stm32f4xx_hal_i2s.o
 .debug_aranges
                0x00000998       0x88 ./Drivers/STM32F4xx_HAL_Driver/Src/stm32f4xx_hal_i2s_ex.o
 .debug_aranges
                0x00000a20       0x88 ./Drivers/STM32F4xx_HAL_Driver/Src/stm32f4xx_hal_rcc.o
 .debug_aranges
                0x00000aa8       0x48 ./Drivers/STM32F4xx_HAL_Driver/Src/stm32f4xx_hal_rcc_ex.o
 .debug_aranges
                0x00000af0      0x1d0 ./Drivers/STM32F4xx_HAL_Driver/Src/stm32f4xx_hal_spi.o
 .debug_aranges
                0x00000cc0      0x1a0 ./Drivers/STM32F4xx_HAL_Driver/Src/stm32f4xx_ll_usb.o
 .debug_aranges
                0x00000e60       0xa8 ./Middlewares/ST/STM32_USB_Host_Library/Class/CDC/Src/usbh_cdc.o
 .debug_aranges
                0x00000f08       0xc0 ./Middlewares/ST/STM32_USB_Host_Library/Core/Src/usbh_core.o
 .debug_aranges
                0x00000fc8       0xa0 ./Middlewares/ST/STM32_USB_Host_Library/Core/Src/usbh_ctlreq.o
 .debug_aranges
                0x00001068       0x60 ./Middlewares/ST/STM32_USB_Host_Library/Core/Src/usbh_ioreq.o
 .debug_aranges
                0x000010c8       0x40 ./Middlewares/ST/STM32_USB_Host_Library/Core/Src/usbh_pipes.o
 .debug_aranges
                0x00001108       0x30 ./USB_HOST/App/usb_host.o
 .debug_aranges
                0x00001138       0xd8 ./USB_HOST/Target/usbh_conf.o
 .debug_aranges
                0x00001210       0x20 ./USB_HOST/Target/usbh_platform.o

.debug_rnglists
                0x00000000      0xddc
 .debug_rnglists
                0x00000000       0x40 ./Core/Src/main.o
 .debug_rnglists
                0x00000040       0x47 ./Core/Src/stm32f4xx_hal_msp.o
 .debug_rnglists
                0x00000087       0x49 ./Core/Src/stm32f4xx_it.o
 .debug_rnglists
                0x000000d0       0x13 ./Core/Src/sysmem.o
 .debug_rnglists
                0x000000e3       0x1a ./Core/Src/system_stm32f4xx.o
 .debug_rnglists
                0x000000fd       0x19 ./Core/Startup/startup_stm32f407vgtx.o
 .debug_rnglists
                0x00000116       0xaf ./Drivers/STM32F4xx_HAL_Driver/Src/stm32f4xx_hal.o
 .debug_rnglists
                0x000001c5       0xb5 ./Drivers/STM32F4xx_HAL_Driver/Src/stm32f4xx_hal_adc.o
 .debug_rnglists
                0x0000027a       0xd4 ./Drivers/STM32F4xx_HAL_Driver/Src/stm32f4xx_hal_cortex.o
 .debug_rnglists
                0x0000034e       0x3f ./Drivers/STM32F4xx_HAL_Driver/Src/stm32f4xx_hal_gpio.o
 .debug_rnglists
                0x0000038d       0xca ./Drivers/STM32F4xx_HAL_Driver/Src/stm32f4xx_hal_hcd.o
 .debug_rnglists
                0x00000457      0x23c ./Drivers/STM32F4xx_HAL_Driver/Src/stm32f4xx_hal_i2c.o
 .debug_rnglists
                0x00000693       0xcc ./Drivers/STM32F4xx_HAL_Driver/Src/stm32f4xx_hal_i2s.o
 .debug_rnglists
                0x0000075f       0x6a ./Drivers/STM32F4xx_HAL_Driver/Src/stm32f4xx_hal_i2s_ex.o
 .debug_rnglists
                0x000007c9       0x66 ./Drivers/STM32F4xx_HAL_Driver/Src/stm32f4xx_hal_rcc.o
 .debug_rnglists
                0x0000082f       0x35 ./Drivers/STM32F4xx_HAL_Driver/Src/stm32f4xx_hal_rcc_ex.o
 .debug_rnglists
                0x00000864      0x16f ./Drivers/STM32F4xx_HAL_Driver/Src/stm32f4xx_hal_spi.o
 .debug_rnglists
                0x000009d3      0x147 ./Drivers/STM32F4xx_HAL_Driver/Src/stm32f4xx_ll_usb.o
 .debug_rnglists
                0x00000b1a       0x7e ./Middlewares/ST/STM32_USB_Host_Library/Class/CDC/Src/usbh_cdc.o
 .debug_rnglists
                0x00000b98       0x8f ./Middlewares/ST/STM32_USB_Host_Library/Core/Src/usbh_core.o
 .debug_rnglists
                0x00000c27       0x77 ./Middlewares/ST/STM32_USB_Host_Library/Core/Src/usbh_ctlreq.o
 .debug_rnglists
                0x00000c9e       0x43 ./Middlewares/ST/STM32_USB_Host_Library/Core/Src/usbh_ioreq.o
 .debug_rnglists
                0x00000ce1       0x2b ./Middlewares/ST/STM32_USB_Host_Library/Core/Src/usbh_pipes.o
 .debug_rnglists
                0x00000d0c       0x1f ./USB_HOST/App/usb_host.o
 .debug_rnglists
                0x00000d2b       0x9e ./USB_HOST/Target/usbh_conf.o
 .debug_rnglists
                0x00000dc9       0x13 ./USB_HOST/Target/usbh_platform.o

.debug_macro    0x00000000    0x24b50
 .debug_macro   0x00000000      0x247 ./Core/Src/main.o
 .debug_macro   0x00000247      0xab4 ./Core/Src/main.o
 .debug_macro   0x00000cfb      0x2ad ./Core/Src/main.o
 .debug_macro   0x00000fa8       0x2e ./Core/Src/main.o
 .debug_macro   0x00000fd6       0x2f ./Core/Src/main.o
 .debug_macro   0x00001005       0x22 ./Core/Src/main.o
 .debug_macro   0x00001027       0x8e ./Core/Src/main.o
 .debug_macro   0x000010b5       0x51 ./Core/Src/main.o
 .debug_macro   0x00001106      0x103 ./Core/Src/main.o
 .debug_macro   0x00001209       0x6a ./Core/Src/main.o
 .debug_macro   0x00001273      0x1df ./Core/Src/main.o
 .debug_macro   0x00001452       0x1c ./Core/Src/main.o
 .debug_macro   0x0000146e       0x22 ./Core/Src/main.o
 .debug_macro   0x00001490       0xfb ./Core/Src/main.o
 .debug_macro   0x0000158b     0x1011 ./Core/Src/main.o
 .debug_macro   0x0000259c      0x11f ./Core/Src/main.o
 .debug_macro   0x000026bb    0x15e97 ./Core/Src/main.o
 .debug_macro   0x00018552       0x6d ./Core/Src/main.o
 .debug_macro   0x000185bf     0x368c ./Core/Src/main.o
 .debug_macro   0x0001bc4b      0x189 ./Core/Src/main.o
 .debug_macro   0x0001bdd4       0x5c ./Core/Src/main.o
 .debug_macro   0x0001be30      0x980 ./Core/Src/main.o
 .debug_macro   0x0001c7b0      0x9e9 ./Core/Src/main.o
 .debug_macro   0x0001d199      0x115 ./Core/Src/main.o
 .debug_macro   0x0001d2ae      0x13e ./Core/Src/main.o
 .debug_macro   0x0001d3ec       0xa5 ./Core/Src/main.o
 .debug_macro   0x0001d491      0x174 ./Core/Src/main.o
 .debug_macro   0x0001d605      0x287 ./Core/Src/main.o
 .debug_macro   0x0001d88c       0x5f ./Core/Src/main.o
 .debug_macro   0x0001d8eb      0x236 ./Core/Src/main.o
 .debug_macro   0x0001db21      0xb5b ./Core/Src/main.o
 .debug_macro   0x0001e67c      0x38b ./Core/Src/main.o
 .debug_macro   0x0001ea07      0x176 ./Core/Src/main.o
 .debug_macro   0x0001eb7d       0xf9 ./Core/Src/main.o
 .debug_macro   0x0001ec76      0x12c ./Core/Src/main.o
 .debug_macro   0x0001eda2      0x21e ./Core/Src/main.o
 .debug_macro   0x0001efc0       0x2e ./Core/Src/main.o
 .debug_macro   0x0001efee      0x1b5 ./Core/Src/main.o
 .debug_macro   0x0001f1a3       0xd6 ./Core/Src/main.o
 .debug_macro   0x0001f279      0x1a7 ./Core/Src/main.o
 .debug_macro   0x0001f420       0x46 ./Core/Src/main.o
 .debug_macro   0x0001f466       0x4a ./Core/Src/main.o
 .debug_macro   0x0001f4b0      0x127 ./Core/Src/main.o
 .debug_macro   0x0001f5d7       0x7e ./Core/Src/main.o
 .debug_macro   0x0001f655       0x89 ./Core/Src/main.o
 .debug_macro   0x0001f6de      0x225 ./Core/Src/main.o
 .debug_macro   0x0001f903      0x293 ./Core/Src/main.o
 .debug_macro   0x0001fb96       0x98 ./Core/Src/main.o
 .debug_macro   0x0001fc2e      0x12d ./Core/Src/main.o
 .debug_macro   0x0001fd5b      0x19c ./Core/Src/main.o
 .debug_macro   0x0001fef7      0x23d ./Core/Src/stm32f4xx_hal_msp.o
 .debug_macro   0x00020134      0x247 ./Core/Src/stm32f4xx_it.o
 .debug_macro   0x0002037b       0xff ./Core/Src/sysmem.o
 .debug_macro   0x0002047a      0x23c ./Core/Src/sysmem.o
 .debug_macro   0x000206b6      0x22e ./Core/Src/system_stm32f4xx.o
 .debug_macro   0x000208e4      0x28e ./Drivers/STM32F4xx_HAL_Driver/Src/stm32f4xx_hal.o
 .debug_macro   0x00020b72      0x22f ./Drivers/STM32F4xx_HAL_Driver/Src/stm32f4xx_hal_adc.o
 .debug_macro   0x00020da1      0x22e ./Drivers/STM32F4xx_HAL_Driver/Src/stm32f4xx_hal_cortex.o
 .debug_macro   0x00020fcf      0x234 ./Drivers/STM32F4xx_HAL_Driver/Src/stm32f4xx_hal_gpio.o
 .debug_macro   0x00021203      0x22e ./Drivers/STM32F4xx_HAL_Driver/Src/stm32f4xx_hal_hcd.o
 .debug_macro   0x00021431      0x27c ./Drivers/STM32F4xx_HAL_Driver/Src/stm32f4xx_hal_i2c.o
 .debug_macro   0x000216ad      0x236 ./Drivers/STM32F4xx_HAL_Driver/Src/stm32f4xx_hal_i2s.o
 .debug_macro   0x000218e3      0x22e ./Drivers/STM32F4xx_HAL_Driver/Src/stm32f4xx_hal_i2s_ex.o
 .debug_macro   0x00021b11      0x252 ./Drivers/STM32F4xx_HAL_Driver/Src/stm32f4xx_hal_rcc.o
 .debug_macro   0x00021d63      0x22e ./Drivers/STM32F4xx_HAL_Driver/Src/stm32f4xx_hal_rcc_ex.o
 .debug_macro   0x00021f91      0x23d ./Drivers/STM32F4xx_HAL_Driver/Src/stm32f4xx_hal_spi.o
 .debug_macro   0x000221ce      0x22e ./Drivers/STM32F4xx_HAL_Driver/Src/stm32f4xx_ll_usb.o
 .debug_macro   0x000223fc      0x3d5 ./Middlewares/ST/STM32_USB_Host_Library/Class/CDC/Src/usbh_cdc.o
 .debug_macro   0x000227d1       0x16 ./Middlewares/ST/STM32_USB_Host_Library/Class/CDC/Src/usbh_cdc.o
 .debug_macro   0x000227e7       0x9e ./Middlewares/ST/STM32_USB_Host_Library/Class/CDC/Src/usbh_cdc.o
 .debug_macro   0x00022885      0x10b ./Middlewares/ST/STM32_USB_Host_Library/Class/CDC/Src/usbh_cdc.o
 .debug_macro   0x00022990       0x16 ./Middlewares/ST/STM32_USB_Host_Library/Class/CDC/Src/usbh_cdc.o
 .debug_macro   0x000229a6       0x16 ./Middlewares/ST/STM32_USB_Host_Library/Class/CDC/Src/usbh_cdc.o
 .debug_macro   0x000229bc       0x20 ./Middlewares/ST/STM32_USB_Host_Library/Class/CDC/Src/usbh_cdc.o
 .debug_macro   0x000229dc       0x56 ./Middlewares/ST/STM32_USB_Host_Library/Class/CDC/Src/usbh_cdc.o
 .debug_macro   0x00022a32       0x73 ./Middlewares/ST/STM32_USB_Host_Library/Class/CDC/Src/usbh_cdc.o
 .debug_macro   0x00022aa5      0x233 ./Middlewares/ST/STM32_USB_Host_Library/Class/CDC/Src/usbh_cdc.o
 .debug_macro   0x00022cd8       0x2e ./Middlewares/ST/STM32_USB_Host_Library/Class/CDC/Src/usbh_cdc.o
 .debug_macro   0x00022d06       0x2e ./Middlewares/ST/STM32_USB_Host_Library/Class/CDC/Src/usbh_cdc.o
 .debug_macro   0x00022d34       0x28 ./Middlewares/ST/STM32_USB_Host_Library/Class/CDC/Src/usbh_cdc.o
 .debug_macro   0x00022d5c      0x15b ./Middlewares/ST/STM32_USB_Host_Library/Class/CDC/Src/usbh_cdc.o
 .debug_macro   0x00022eb7      0x3d2 ./Middlewares/ST/STM32_USB_Host_Library/Core/Src/usbh_core.o
 .debug_macro   0x00023289      0x3ca ./Middlewares/ST/STM32_USB_Host_Library/Core/Src/usbh_ctlreq.o
 .debug_macro   0x00023653       0x28 ./Middlewares/ST/STM32_USB_Host_Library/Core/Src/usbh_ctlreq.o
 .debug_macro   0x0002367b      0x3c4 ./Middlewares/ST/STM32_USB_Host_Library/Core/Src/usbh_ioreq.o
 .debug_macro   0x00023a3f      0x3c4 ./Middlewares/ST/STM32_USB_Host_Library/Core/Src/usbh_pipes.o
 .debug_macro   0x00023e03      0x3d3 ./USB_HOST/App/usb_host.o
 .debug_macro   0x000241d6       0x61 ./USB_HOST/App/usb_host.o
 .debug_macro   0x00024237      0x1a2 ./USB_HOST/App/usb_host.o
 .debug_macro   0x000243d9      0x161 ./USB_HOST/App/usb_host.o
 .debug_macro   0x0002453a      0x3d4 ./USB_HOST/Target/usbh_conf.o
 .debug_macro   0x0002490e      0x242 ./USB_HOST/Target/usbh_platform.o

.debug_line     0x00000000    0x1c568
 .debug_line    0x00000000      0xbda ./Core/Src/main.o
 .debug_line    0x00000bda      0xace ./Core/Src/stm32f4xx_hal_msp.o
 .debug_line    0x000016a8      0xa51 ./Core/Src/stm32f4xx_it.o
 .debug_line    0x000020f9      0x716 ./Core/Src/sysmem.o
 .debug_line    0x0000280f      0x9fb ./Core/Src/system_stm32f4xx.o
 .debug_line    0x0000320a       0x7a ./Core/Startup/startup_stm32f407vgtx.o
 .debug_line    0x00003284      0xc64 ./Drivers/STM32F4xx_HAL_Driver/Src/stm32f4xx_hal.o
 .debug_line    0x00003ee8     0x14ec ./Drivers/STM32F4xx_HAL_Driver/Src/stm32f4xx_hal_adc.o
 .debug_line    0x000053d4      0xf2c ./Drivers/STM32F4xx_HAL_Driver/Src/stm32f4xx_hal_cortex.o
 .debug_line    0x00006300      0xdf0 ./Drivers/STM32F4xx_HAL_Driver/Src/stm32f4xx_hal_gpio.o
 .debug_line    0x000070f0     0x1717 ./Drivers/STM32F4xx_HAL_Driver/Src/stm32f4xx_hal_hcd.o
 .debug_line    0x00008807     0x3daa ./Drivers/STM32F4xx_HAL_Driver/Src/stm32f4xx_hal_i2c.o
 .debug_line    0x0000c5b1     0x15f6 ./Drivers/STM32F4xx_HAL_Driver/Src/stm32f4xx_hal_i2s.o
 .debug_line    0x0000dba7     0x16f6 ./Drivers/STM32F4xx_HAL_Driver/Src/stm32f4xx_hal_i2s_ex.o
 .debug_line    0x0000f29d      0xfd7 ./Drivers/STM32F4xx_HAL_Driver/Src/stm32f4xx_hal_rcc.o
 .debug_line    0x00010274      0xc7a ./Drivers/STM32F4xx_HAL_Driver/Src/stm32f4xx_hal_rcc_ex.o
 .debug_line    0x00010eee     0x1f5f ./Drivers/STM32F4xx_HAL_Driver/Src/stm32f4xx_hal_spi.o
 .debug_line    0x00012e4d     0x2033 ./Drivers/STM32F4xx_HAL_Driver/Src/stm32f4xx_ll_usb.o
 .debug_line    0x00014e80     0x1114 ./Middlewares/ST/STM32_USB_Host_Library/Class/CDC/Src/usbh_cdc.o
 .debug_line    0x00015f94     0x13a5 ./Middlewares/ST/STM32_USB_Host_Library/Core/Src/usbh_core.o
 .debug_line    0x00017339     0x1341 ./Middlewares/ST/STM32_USB_Host_Library/Core/Src/usbh_ctlreq.o
 .debug_line    0x0001867a      0xce6 ./Middlewares/ST/STM32_USB_Host_Library/Core/Src/usbh_ioreq.o
 .debug_line    0x00019360      0xc93 ./Middlewares/ST/STM32_USB_Host_Library/Core/Src/usbh_pipes.o
 .debug_line    0x00019ff3      0xc7a ./USB_HOST/App/usb_host.o
 .debug_line    0x0001ac6d      0xf52 ./USB_HOST/Target/usbh_conf.o
 .debug_line    0x0001bbbf      0x9a9 ./USB_HOST/Target/usbh_platform.o

.debug_str      0x00000000    0xd8191
 .debug_str     0x00000000    0xcda8b ./Core/Src/main.o
                              0xcde01 (size before relaxing)
 .debug_str     0x000cda8b      0x189 ./Core/Src/stm32f4xx_hal_msp.o
                              0xcdc67 (size before relaxing)
 .debug_str     0x000cdc14      0x4b9 ./Core/Src/stm32f4xx_it.o
                              0xcd50a (size before relaxing)
 .debug_str     0x000ce0cd     0x2039 ./Core/Src/sysmem.o
                               0x60ce (size before relaxing)
 .debug_str     0x000d0106       0xdb ./Core/Src/system_stm32f4xx.o
                              0xccada (size before relaxing)
 .debug_str     0x000d01e1       0x44 ./Core/Startup/startup_stm32f407vgtx.o
                                 0x81 (size before relaxing)
 .debug_str     0x000d0225      0xad6 ./Drivers/STM32F4xx_HAL_Driver/Src/stm32f4xx_hal.o
                              0xcd65e (size before relaxing)
 .debug_str     0x000d0cfb      0x284 ./Drivers/STM32F4xx_HAL_Driver/Src/stm32f4xx_hal_adc.o
                              0xcd0c7 (size before relaxing)
 .debug_str     0x000d0f7f      0x35a ./Drivers/STM32F4xx_HAL_Driver/Src/stm32f4xx_hal_cortex.o
                              0xcd3a8 (size before relaxing)
 .debug_str     0x000d12d9      0x121 ./Drivers/STM32F4xx_HAL_Driver/Src/stm32f4xx_hal_gpio.o
                              0xccc55 (size before relaxing)
 .debug_str     0x000d13fa      0x5e7 ./Drivers/STM32F4xx_HAL_Driver/Src/stm32f4xx_hal_hcd.o
                              0xcd3c2 (size before relaxing)
 .debug_str     0x000d19e1      0xb25 ./Drivers/STM32F4xx_HAL_Driver/Src/stm32f4xx_hal_i2c.o
                              0xcdaf8 (size before relaxing)
 .debug_str     0x000d2506      0x2aa ./Drivers/STM32F4xx_HAL_Driver/Src/stm32f4xx_hal_i2s.o
                              0xcd0cb (size before relaxing)
 .debug_str     0x000d27b0      0x1d1 ./Drivers/STM32F4xx_HAL_Driver/Src/stm32f4xx_hal_i2s_ex.o
                              0xccfd6 (size before relaxing)
 .debug_str     0x000d2981      0x213 ./Drivers/STM32F4xx_HAL_Driver/Src/stm32f4xx_hal_rcc.o
                              0xccf0e (size before relaxing)
 .debug_str     0x000d2b94       0xde ./Drivers/STM32F4xx_HAL_Driver/Src/stm32f4xx_hal_rcc_ex.o
                              0xccc2c (size before relaxing)
 .debug_str     0x000d2c72      0x52d ./Drivers/STM32F4xx_HAL_Driver/Src/stm32f4xx_hal_spi.o
                              0xcd39e (size before relaxing)
 .debug_str     0x000d319f      0x50e ./Drivers/STM32F4xx_HAL_Driver/Src/stm32f4xx_ll_usb.o
                              0xcd493 (size before relaxing)
 .debug_str     0x000d36ad     0x435a ./Middlewares/ST/STM32_USB_Host_Library/Class/CDC/Src/usbh_cdc.o
                              0xd2fac (size before relaxing)
 .debug_str     0x000d7a07      0x31b ./Middlewares/ST/STM32_USB_Host_Library/Core/Src/usbh_core.o
                              0xd24cb (size before relaxing)
 .debug_str     0x000d7d22      0x1db ./Middlewares/ST/STM32_USB_Host_Library/Core/Src/usbh_ctlreq.o
                              0xd2461 (size before relaxing)
 .debug_str     0x000d7efd       0xb2 ./Middlewares/ST/STM32_USB_Host_Library/Core/Src/usbh_ioreq.o
                              0xd2266 (size before relaxing)
 .debug_str     0x000d7faf       0x80 ./Middlewares/ST/STM32_USB_Host_Library/Core/Src/usbh_pipes.o
                              0xd21fc (size before relaxing)
 .debug_str     0x000d802f       0xa2 ./USB_HOST/App/usb_host.o
                              0xd2907 (size before relaxing)
 .debug_str     0x000d80d1       0x9d ./USB_HOST/Target/usbh_conf.o
                              0xd316a (size before relaxing)
 .debug_str     0x000d816e       0x23 ./USB_HOST/Target/usbh_platform.o
                              0xcc9e9 (size before relaxing)

.comment        0x00000000       0x43
 .comment       0x00000000       0x43 ./Core/Src/main.o
                                 0x44 (size before relaxing)
 .comment       0x00000043       0x44 ./Core/Src/stm32f4xx_hal_msp.o
 .comment       0x00000043       0x44 ./Core/Src/stm32f4xx_it.o
 .comment       0x00000043       0x44 ./Core/Src/sysmem.o
 .comment       0x00000043       0x44 ./Core/Src/system_stm32f4xx.o
 .comment       0x00000043       0x44 ./Drivers/STM32F4xx_HAL_Driver/Src/stm32f4xx_hal.o
 .comment       0x00000043       0x44 ./Drivers/STM32F4xx_HAL_Driver/Src/stm32f4xx_hal_adc.o
 .comment       0x00000043       0x44 ./Drivers/STM32F4xx_HAL_Driver/Src/stm32f4xx_hal_cortex.o
 .comment       0x00000043       0x44 ./Drivers/STM32F4xx_HAL_Driver/Src/stm32f4xx_hal_gpio.o
 .comment       0x00000043       0x44 ./Drivers/STM32F4xx_HAL_Driver/Src/stm32f4xx_hal_hcd.o
 .comment       0x00000043       0x44 ./Drivers/STM32F4xx_HAL_Driver/Src/stm32f4xx_hal_i2c.o